Archive member included to satisfy reference by file (symbol)

C:/ST/STM32CubeIDE_1.14.0/STM32CubeIDE/plugins/com.st.stm32cube.ide.mcu.externaltools.gnu-tools-for-stm32.11.3.rel1.win32_1.1.100.202309141235/tools/bin/../lib/gcc/arm-none-eabi/11.3.1/../../../../arm-none-eabi/lib/thumb/v7e-m+fp/hard\libc_nano.a(libc_a-exit.o)
                              C:/ST/STM32CubeIDE_1.14.0/STM32CubeIDE/plugins/com.st.stm32cube.ide.mcu.externaltools.gnu-tools-for-stm32.11.3.rel1.win32_1.1.100.202309141235/tools/bin/../lib/gcc/arm-none-eabi/11.3.1/../../../../arm-none-eabi/lib/thumb/v7e-m+fp/hard/crt0.o (exit)
C:/ST/STM32CubeIDE_1.14.0/STM32CubeIDE/plugins/com.st.stm32cube.ide.mcu.externaltools.gnu-tools-for-stm32.11.3.rel1.win32_1.1.100.202309141235/tools/bin/../lib/gcc/arm-none-eabi/11.3.1/../../../../arm-none-eabi/lib/thumb/v7e-m+fp/hard\libc_nano.a(libc_a-findfp.o)
                              C:/ST/STM32CubeIDE_1.14.0/STM32CubeIDE/plugins/com.st.stm32cube.ide.mcu.externaltools.gnu-tools-for-stm32.11.3.rel1.win32_1.1.100.202309141235/tools/bin/../lib/gcc/arm-none-eabi/11.3.1/../../../../arm-none-eabi/lib/thumb/v7e-m+fp/hard\libc_nano.a(libc_a-exit.o) (__stdio_exit_handler)
C:/ST/STM32CubeIDE_1.14.0/STM32CubeIDE/plugins/com.st.stm32cube.ide.mcu.externaltools.gnu-tools-for-stm32.11.3.rel1.win32_1.1.100.202309141235/tools/bin/../lib/gcc/arm-none-eabi/11.3.1/../../../../arm-none-eabi/lib/thumb/v7e-m+fp/hard\libc_nano.a(libc_a-fwalk.o)
                              C:/ST/STM32CubeIDE_1.14.0/STM32CubeIDE/plugins/com.st.stm32cube.ide.mcu.externaltools.gnu-tools-for-stm32.11.3.rel1.win32_1.1.100.202309141235/tools/bin/../lib/gcc/arm-none-eabi/11.3.1/../../../../arm-none-eabi/lib/thumb/v7e-m+fp/hard\libc_nano.a(libc_a-findfp.o) (_fwalk_sglue)
C:/ST/STM32CubeIDE_1.14.0/STM32CubeIDE/plugins/com.st.stm32cube.ide.mcu.externaltools.gnu-tools-for-stm32.11.3.rel1.win32_1.1.100.202309141235/tools/bin/../lib/gcc/arm-none-eabi/11.3.1/../../../../arm-none-eabi/lib/thumb/v7e-m+fp/hard\libc_nano.a(libc_a-sprintf.o)
                              ./Core/Src/uart.o (sprintf)
C:/ST/STM32CubeIDE_1.14.0/STM32CubeIDE/plugins/com.st.stm32cube.ide.mcu.externaltools.gnu-tools-for-stm32.11.3.rel1.win32_1.1.100.202309141235/tools/bin/../lib/gcc/arm-none-eabi/11.3.1/../../../../arm-none-eabi/lib/thumb/v7e-m+fp/hard\libc_nano.a(libc_a-stdio.o)
                              C:/ST/STM32CubeIDE_1.14.0/STM32CubeIDE/plugins/com.st.stm32cube.ide.mcu.externaltools.gnu-tools-for-stm32.11.3.rel1.win32_1.1.100.202309141235/tools/bin/../lib/gcc/arm-none-eabi/11.3.1/../../../../arm-none-eabi/lib/thumb/v7e-m+fp/hard\libc_nano.a(libc_a-findfp.o) (__sread)
C:/ST/STM32CubeIDE_1.14.0/STM32CubeIDE/plugins/com.st.stm32cube.ide.mcu.externaltools.gnu-tools-for-stm32.11.3.rel1.win32_1.1.100.202309141235/tools/bin/../lib/gcc/arm-none-eabi/11.3.1/../../../../arm-none-eabi/lib/thumb/v7e-m+fp/hard\libc_nano.a(libc_a-memset.o)
                              C:/ST/STM32CubeIDE_1.14.0/STM32CubeIDE/plugins/com.st.stm32cube.ide.mcu.externaltools.gnu-tools-for-stm32.11.3.rel1.win32_1.1.100.202309141235/tools/bin/../lib/gcc/arm-none-eabi/11.3.1/../../../../arm-none-eabi/lib/thumb/v7e-m+fp/hard/crt0.o (memset)
C:/ST/STM32CubeIDE_1.14.0/STM32CubeIDE/plugins/com.st.stm32cube.ide.mcu.externaltools.gnu-tools-for-stm32.11.3.rel1.win32_1.1.100.202309141235/tools/bin/../lib/gcc/arm-none-eabi/11.3.1/../../../../arm-none-eabi/lib/thumb/v7e-m+fp/hard\libc_nano.a(libc_a-closer.o)
                              C:/ST/STM32CubeIDE_1.14.0/STM32CubeIDE/plugins/com.st.stm32cube.ide.mcu.externaltools.gnu-tools-for-stm32.11.3.rel1.win32_1.1.100.202309141235/tools/bin/../lib/gcc/arm-none-eabi/11.3.1/../../../../arm-none-eabi/lib/thumb/v7e-m+fp/hard\libc_nano.a(libc_a-stdio.o) (_close_r)
C:/ST/STM32CubeIDE_1.14.0/STM32CubeIDE/plugins/com.st.stm32cube.ide.mcu.externaltools.gnu-tools-for-stm32.11.3.rel1.win32_1.1.100.202309141235/tools/bin/../lib/gcc/arm-none-eabi/11.3.1/../../../../arm-none-eabi/lib/thumb/v7e-m+fp/hard\libc_nano.a(libc_a-reent.o)
                              C:/ST/STM32CubeIDE_1.14.0/STM32CubeIDE/plugins/com.st.stm32cube.ide.mcu.externaltools.gnu-tools-for-stm32.11.3.rel1.win32_1.1.100.202309141235/tools/bin/../lib/gcc/arm-none-eabi/11.3.1/../../../../arm-none-eabi/lib/thumb/v7e-m+fp/hard\libc_nano.a(libc_a-closer.o) (errno)
C:/ST/STM32CubeIDE_1.14.0/STM32CubeIDE/plugins/com.st.stm32cube.ide.mcu.externaltools.gnu-tools-for-stm32.11.3.rel1.win32_1.1.100.202309141235/tools/bin/../lib/gcc/arm-none-eabi/11.3.1/../../../../arm-none-eabi/lib/thumb/v7e-m+fp/hard\libc_nano.a(libc_a-impure.o)
                              C:/ST/STM32CubeIDE_1.14.0/STM32CubeIDE/plugins/com.st.stm32cube.ide.mcu.externaltools.gnu-tools-for-stm32.11.3.rel1.win32_1.1.100.202309141235/tools/bin/../lib/gcc/arm-none-eabi/11.3.1/../../../../arm-none-eabi/lib/thumb/v7e-m+fp/hard\libc_nano.a(libc_a-sprintf.o) (_impure_ptr)
[...]
Memory Configuration

Name             Origin             Length             Attributes
CCMRAM           0x0000000010000000 0x0000000000010000 xrw
RAM              0x0000000020000000 0x0000000000020000 xrw
FLASH            0x0000000008000000 0x0000000000100000 xr
*default*        0x0000000000000000 0xffffffffffffffff

Linker script and memory map

LOAD C:/ST/STM32CubeIDE_1.14.0/STM32CubeIDE/plugins/com.st.stm32cube.ide.mcu.externaltools.gnu-tools-for-stm32.11.3.rel1.win32_1.1.100.202309141235/tools/bin/../lib/gcc/arm-none-eabi/11.3.1/thumb/v7e-m+fp/hard/crti.o
LOAD C:/ST/STM32CubeIDE_1.14.0/STM32CubeIDE/plugins/com.st.stm32cube.ide.mcu.externaltools.gnu-tools-for-stm32.11.3.rel1.win32_1.1.100.202309141235/tools/bin/../lib/gcc/arm-none-eabi/11.3.1/thumb/v7e-m+fp/hard/crtbegin.o
LOAD C:/ST/STM32CubeIDE_1.14.0/STM32CubeIDE/plugins/com.st.stm32cube.ide.mcu.externaltools.gnu-tools-for-stm32.11.3.rel1.win32_1.1.100.202309141235/tools/bin/../lib/gcc/arm-none-eabi/11.3.1/../../../../arm-none-eabi/lib/thumb/v7e-m+fp/hard/crt0.o
LOAD ./Core/Src/button.o
LOAD ./Core/Src/ds3231.o
LOAD ./Core/Src/fsmc.o
LOAD ./Core/Src/gpio.o
LOAD ./Core/Src/i2c.o
LOAD ./Core/Src/lcd.o
LOAD ./Core/Src/led_7seg.o
LOAD ./Core/Src/main.o
LOAD ./Core/Src/picture.o
LOAD ./Core/Src/software_timer.o
LOAD ./Core/Src/spi.o
LOAD ./Core/Src/stm32f4xx_hal_msp.o
LOAD ./Core/Src/stm32f4xx_it.o
LOAD ./Core/Src/syscalls.o
LOAD ./Core/Src/sysmem.o
LOAD ./Core/Src/system_stm32f4xx.o
LOAD ./Core/Src/tim.o
LOAD ./Core/Src/uart.o
LOAD ./Core/Src/usart.o
LOAD ./Core/Src/utils.o
LOAD ./Core/Startup/startup_stm32f407zetx.o
LOAD ./Drivers/STM32F4xx_HAL_Driver/Src/stm32f4xx_hal.o
LOAD ./Drivers/STM32F4xx_HAL_Driver/Src/stm32f4xx_hal_cortex.o
LOAD ./Drivers/STM32F4xx_HAL_Driver/Src/stm32f4xx_hal_dma.o
LOAD ./Drivers/STM32F4xx_HAL_Driver/Src/stm32f4xx_hal_dma_ex.o
LOAD ./Drivers/STM32F4xx_HAL_Driver/Src/stm32f4xx_hal_exti.o
LOAD ./Drivers/STM32F4xx_HAL_Driver/Src/stm32f4xx_hal_flash.o
LOAD ./Drivers/STM32F4xx_HAL_Driver/Src/stm32f4xx_hal_flash_ex.o
LOAD ./Drivers/STM32F4xx_HAL_Driver/Src/stm32f4xx_hal_flash_ramfunc.o
LOAD ./Drivers/STM32F4xx_HAL_Driver/Src/stm32f4xx_hal_gpio.o
LOAD ./Drivers/STM32F4xx_HAL_Driver/Src/stm32f4xx_hal_i2c.o
LOAD ./Drivers/STM32F4xx_HAL_Driver/Src/stm32f4xx_hal_i2c_ex.o
LOAD ./Drivers/STM32F4xx_HAL_Driver/Src/stm32f4xx_hal_pwr.o
LOAD ./Drivers/STM32F4xx_HAL_Driver/Src/stm32f4xx_hal_pwr_ex.o
LOAD ./Drivers/STM32F4xx_HAL_Driver/Src/stm32f4xx_hal_rcc.o
LOAD ./Drivers/STM32F4xx_HAL_Driver/Src/stm32f4xx_hal_rcc_ex.o
LOAD ./Drivers/STM32F4xx_HAL_Driver/Src/stm32f4xx_hal_spi.o
LOAD ./Drivers/STM32F4xx_HAL_Driver/Src/stm32f4xx_hal_sram.o
LOAD ./Drivers/STM32F4xx_HAL_Driver/Src/stm32f4xx_hal_tim.o
LOAD ./Drivers/STM32F4xx_HAL_Driver/Src/stm32f4xx_hal_tim_ex.o
LOAD ./Drivers/STM32F4xx_HAL_Driver/Src/stm32f4xx_hal_uart.o
LOAD ./Drivers/STM32F4xx_HAL_Driver/Src/stm32f4xx_ll_fsmc.o
START GROUP
LOAD C:/ST/STM32CubeIDE_1.14.0/STM32CubeIDE/plugins/com.st.stm32cube.ide.mcu.externaltools.gnu-tools-for-stm32.11.3.rel1.win32_1.1.100.202309141235/tools/bin/../lib/gcc/arm-none-eabi/11.3.1/../../../../arm-none-eabi/lib/thumb/v7e-m+fp/hard\libc_nano.a
LOAD C:/ST/STM32CubeIDE_1.14.0/STM32CubeIDE/plugins/com.st.stm32cube.ide.mcu.externaltools.gnu-tools-for-stm32.11.3.rel1.win32_1.1.100.202309141235/tools/bin/../lib/gcc/arm-none-eabi/11.3.1/../../../../arm-none-eabi/lib/thumb/v7e-m+fp/hard\libm.a
END GROUP
START GROUP
LOAD C:/ST/STM32CubeIDE_1.14.0/STM32CubeIDE/plugins/com.st.stm32cube.ide.mcu.externaltools.gnu-tools-for-stm32.11.3.rel1.win32_1.1.100.202309141235/tools/bin/../lib/gcc/arm-none-eabi/11.3.1/thumb/v7e-m+fp/hard\libgcc.a
LOAD C:/ST/STM32CubeIDE_1.14.0/STM32CubeIDE/plugins/com.st.stm32cube.ide.mcu.externaltools.gnu-tools-for-stm32.11.3.rel1.win32_1.1.100.202309141235/tools/bin/../lib/gcc/arm-none-eabi/11.3.1/../../../../arm-none-eabi/lib/thumb/v7e-m+fp/hard\libc_nano.a
END GROUP
START GROUP
LOAD C:/ST/STM32CubeIDE_1.14.0/STM32CubeIDE/plugins/com.st.stm32cube.ide.mcu.externaltools.gnu-tools-for-stm32.11.3.rel1.win32_1.1.100.202309141235/tools/bin/../lib/gcc/arm-none-eabi/11.3.1/thumb/v7e-m+fp/hard\libgcc.a
LOAD C:/ST/STM32CubeIDE_1.14.0/STM32CubeIDE/plugins/com.st.stm32cube.ide.mcu.externaltools.gnu-tools-for-stm32.11.3.rel1.win32_1.1.100.202309141235/tools/bin/../lib/gcc/arm-none-eabi/11.3.1/../../../../arm-none-eabi/lib/thumb/v7e-m+fp/hard\libc_nano.a
LOAD C:/ST/STM32CubeIDE_1.14.0/STM32CubeIDE/plugins/com.st.stm32cube.ide.mcu.externaltools.gnu-tools-for-stm32.11.3.rel1.win32_1.1.100.202309141235/tools/bin/../lib/gcc/arm-none-eabi/11.3.1/../../../../arm-none-eabi/lib/thumb/v7e-m+fp/hard\libnosys.a
END GROUP
START GROUP
LOAD C:/ST/STM32CubeIDE_1.14.0/STM32CubeIDE/plugins/com.st.stm32cube.ide.mcu.externaltools.gnu-tools-for-stm32.11.3.rel1.win32_1.1.100.202309141235/tools/bin/../lib/gcc/arm-none-eabi/11.3.1/thumb/v7e-m+fp/hard\libgcc.a
LOAD C:/ST/STM32CubeIDE_1.14.0/STM32CubeIDE/plugins/com.st.stm32cube.ide.mcu.externaltools.gnu-tools-for-stm32.11.3.rel1.win32_1.1.100.202309141235/tools/bin/../lib/gcc/arm-none-eabi/11.3.1/../../../../arm-none-eabi/lib/thumb/v7e-m+fp/hard\libc_nano.a
LOAD C:/ST/STM32CubeIDE_1.14.0/STM32CubeIDE/plugins/com.st.stm32cube.ide.mcu.externaltools.gnu-tools-for-stm32.11.3.rel1.win32_1.1.100.202309141235/tools/bin/../lib/gcc/arm-none-eabi/11.3.1/../../../../arm-none-eabi/lib/thumb/v7e-m+fp/hard\libnosys.a
END GROUP
LOAD C:/ST/STM32CubeIDE_1.14.0/STM32CubeIDE/plugins/com.st.stm32cube.ide.mcu.externaltools.gnu-tools-for-stm32.11.3.rel1.win32_1.1.100.202309141235/tools/bin/../lib/gcc/arm-none-eabi/11.3.1/thumb/v7e-m+fp/hard/crtend.o
LOAD C:/ST/STM32CubeIDE_1.14.0/STM32CubeIDE/plugins/com.st.stm32cube.ide.mcu.externaltools.gnu-tools-for-stm32.11.3.rel1.win32_1.1.100.202309141235/tools/bin/../lib/gcc/arm-none-eabi/11.3.1/thumb/v7e-m+fp/hard/crtn.o
                0x0000000020020000                _estack = (ORIGIN (RAM) + LENGTH (RAM))
                0x0000000000000200                _Min_Heap_Size = 0x200
                0x0000000000000400                _Min_Stack_Size = 0x400

.isr_vector     0x0000000008000000      0x188
                0x0000000008000000                . = ALIGN (0x4)
 *(.isr_vector)
 .isr_vector    0x0000000008000000      0x188 ./Core/Startup/startup_stm32f407zetx.o
                0x0000000008000000                g_pfnVectors
                0x0000000008000188                . = ALIGN (0x4)

.text           0x0000000008000190     0x79e8
                0x0000000008000190                . = ALIGN (0x4)
 *(.text)
 .text          0x0000000008000190       0x40 C:/ST/STM32CubeIDE_1.14.0/STM32CubeIDE/plugins/com.st.stm32cube.ide.mcu.externaltools.gnu-tools-for-stm32.11.3.rel1.win32_1.1.100.202309141235/tools/bin/../lib/gcc/arm-none-eabi/11.3.1/thumb/v7e-m+fp/hard/crtbegin.o
 .text          0x00000000080001d0       0xa0 C:/ST/STM32CubeIDE_1.14.0/STM32CubeIDE/plugins/com.st.stm32cube.ide.mcu.externaltools.gnu-tools-for-stm32.11.3.rel1.win32_1.1.100.202309141235/tools/bin/../lib/gcc/arm-none-eabi/11.3.1/../../../../arm-none-eabi/lib/thumb/v7e-m+fp/hard\libc_nano.a(libc_a-memchr.o)
                0x00000000080001d0                memchr
 .text          0x0000000008000270       0x30 C:/ST/STM32CubeIDE_1.14.0/STM32CubeIDE/plugins/com.st.stm32cube.ide.mcu.externaltools.gnu-tools-for-stm32.11.3.rel1.win32_1.1.100.202309141235/tools/bin/../lib/gcc/arm-none-eabi/11.3.1/thumb/v7e-m+fp/hard\libgcc.a(_aeabi_uldivmod.o)
                0x0000000008000270                __aeabi_uldivmod
 .text          0x00000000080002a0      0x2c8 C:/ST/STM32CubeIDE_1.14.0/STM32CubeIDE/plugins/com.st.stm32cube.ide.mcu.externaltools.gnu-tools-for-stm32.11.3.rel1.win32_1.1.100.202309141235/tools/bin/../lib/gcc/arm-none-eabi/11.3.1/thumb/v7e-m+fp/hard\libgcc.a(_udivmoddi4.o)
                0x00000000080002a0                __udivmoddi4
 .text          0x0000000008000568        0x4 C:/ST/STM32CubeIDE_1.14.0/STM32CubeIDE/plugins/com.st.stm32cube.ide.mcu.externaltools.gnu-tools-for-stm32.11.3.rel1.win32_1.1.100.202309141235/tools/bin/../lib/gcc/arm-none-eabi/11.3.1/thumb/v7e-m+fp/hard\libgcc.a(_dvmd_tls.o)
                0x0000000008000568                __aeabi_idiv0
                0x0000000008000568                __aeabi_ldiv0
 *(.text*)
 .text.button_init
                0x000000000800056c       0x18 ./Core/Src/button.o
                0x000000000800056c                button_init
 .text.button_Scan
                0x0000000008000584       0xd8 ./Core/Src/button.o
                0x0000000008000584                button_Scan
 .text.ds3231_init
                0x000000000800065c       0x88 ./Core/Src/ds3231.o
                0x000000000800065c                ds3231_init
 .text.ds3231_Write
                0x00000000080006e4       0x44 ./Core/Src/ds3231.o
                0x00000000080006e4                ds3231_Write
 .text.ds3231_ReadTime
                0x0000000008000728       0xc8 ./Core/Src/ds3231.o
                0x0000000008000728                ds3231_ReadTime
 .text.MX_FSMC_Init
                0x00000000080007f0       0xf4 ./Core/Src/fsmc.o
                0x00000000080007f0                MX_FSMC_Init
 .text.HAL_FSMC_MspInit
                0x00000000080008e4       0x98 ./Core/Src/fsmc.o
 .text.HAL_SRAM_MspInit
                0x000000000800097c       0x14 ./Core/Src/fsmc.o
                0x000000000800097c                HAL_SRAM_MspInit
 .text.MX_GPIO_Init
                0x0000000008000990      0x1f0 ./Core/Src/gpio.o
                0x0000000008000990                MX_GPIO_Init
 .text.MX_I2C1_Init
                0x0000000008000b80       0x5c ./Core/Src/i2c.o
                0x0000000008000b80                MX_I2C1_Init
 .text.HAL_I2C_MspInit
                0x0000000008000bdc       0x90 ./Core/Src/i2c.o
                0x0000000008000bdc                HAL_I2C_MspInit
 .text.LCD_WR_REG
                0x0000000008000c6c       0x20 ./Core/Src/lcd.o
                0x0000000008000c6c                LCD_WR_REG
 .text.LCD_WR_DATA
                0x0000000008000c8c       0x20 ./Core/Src/lcd.o
                0x0000000008000c8c                LCD_WR_DATA
 .text.LCD_RD_DATA
                0x0000000008000cac       0x24 ./Core/Src/lcd.o
                0x0000000008000cac                LCD_RD_DATA
 .text.lcd_AddressSet
                0x0000000008000cd0       0x98 ./Core/Src/lcd.o
                0x0000000008000cd0                lcd_AddressSet
 .text.lcd_Clear
                0x0000000008000d68       0x74 ./Core/Src/lcd.o
                0x0000000008000d68                lcd_Clear
 .text.lcd_Fill
                0x0000000008000ddc       0x6c ./Core/Src/lcd.o
                0x0000000008000ddc                lcd_Fill
 .text.lcd_DrawPoint
                0x0000000008000e48       0x2e ./Core/Src/lcd.o
                0x0000000008000e48                lcd_DrawPoint
 *fill*         0x0000000008000e76        0x2 
 .text.lcd_ShowChar
                0x0000000008000e78      0x1a0 ./Core/Src/lcd.o
                0x0000000008000e78                lcd_ShowChar
 .text.mypow    0x0000000008001018       0x38 ./Core/Src/lcd.o
                0x0000000008001018                mypow
 .text.lcd_ShowIntNum
                0x0000000008001050       0xfc ./Core/Src/lcd.o
                0x0000000008001050                lcd_ShowIntNum
 .text.lcd_SetDir
                0x000000000800114c       0x48 ./Core/Src/lcd.o
                0x000000000800114c                lcd_SetDir
 .text.lcd_init
                0x0000000008001194      0x2c0 ./Core/Src/lcd.o
                0x0000000008001194                lcd_init
 .text.lcd_ShowStr
                0x0000000008001454       0xc8 ./Core/Src/lcd.o
                0x0000000008001454                lcd_ShowStr
 .text.led7_init
                0x000000000800151c       0x18 ./Core/Src/led_7seg.o
                0x000000000800151c                led7_init
 .text.led7_Scan
                0x0000000008001534      0x118 ./Core/Src/led_7seg.o
                0x0000000008001534                led7_Scan
 .text.switchMode
                0x000000000800164c       0xac ./Core/Src/main.o
                0x000000000800164c                switchMode
 .text.displayModeHeader
                0x00000000080016f8       0x4c ./Core/Src/main.o
                0x00000000080016f8                displayModeHeader
 .text.isNextParameterButtonPressed
                0x0000000008001744       0x20 ./Core/Src/main.o
                0x0000000008001744                isNextParameterButtonPressed
 .text.isResetToSecondsButtonPressed
                0x0000000008001764       0x20 ./Core/Src/main.o
                0x0000000008001764                isResetToSecondsButtonPressed
 .text.isButtonUpPressed
                0x0000000008001784       0x2c ./Core/Src/main.o
                0x0000000008001784                isButtonUpPressed
 .text.isButtonEnterPressed
                0x00000000080017b0       0x20 ./Core/Src/main.o
                0x00000000080017b0                isButtonEnterPressed
 .text.handleSettingMode
                0x00000000080017d0       0xf4 ./Core/Src/main.o
                0x00000000080017d0                handleSettingMode
 .text.incrementCurrentSetting
                0x00000000080018c4       0xac ./Core/Src/main.o
                0x00000000080018c4                incrementCurrentSetting
 .text.savePendingValues
                0x0000000008001970       0x70 ./Core/Src/main.o
                0x0000000008001970                savePendingValues
 .text.displayOnlySelectedParameter
                0x00000000080019e0       0xc0 ./Core/Src/main.o
                0x00000000080019e0                displayOnlySelectedParameter
 .text.isModeButtonPressed
                0x0000000008001aa0       0x20 ./Core/Src/main.o
                0x0000000008001aa0                isModeButtonPressed
 .text.checkAlarmTrigger
                0x0000000008001ac0       0x54 ./Core/Src/main.o
                0x0000000008001ac0                checkAlarmTrigger
 .text.turnOffAlarm
                0x0000000008001b14       0x3c ./Core/Src/main.o
                0x0000000008001b14                turnOffAlarm
 .text.main     0x0000000008001b50       0xa4 ./Core/Src/main.o
                0x0000000008001b50                main
 .text.SystemClock_Config
                0x0000000008001bf4       0xd4 ./Core/Src/main.o
                0x0000000008001bf4                SystemClock_Config
 .text.system_init
                0x0000000008001cc8       0x48 ./Core/Src/main.o
                0x0000000008001cc8                system_init
 .text.updateTime
                0x0000000008001d10       0x40 ./Core/Src/main.o
                0x0000000008001d10                updateTime
 .text.displayTime
                0x0000000008001d50      0x128 ./Core/Src/main.o
                0x0000000008001d50                displayTime
 .text.uart_handle
                0x0000000008001e78      0x1c0 ./Core/Src/main.o
                0x0000000008001e78                uart_handle
 .text.Error_Handler
                0x0000000008002038        0xa ./Core/Src/main.o
                0x0000000008002038                Error_Handler
 *fill*         0x0000000008002042        0x2 
 .text.timer_init
                0x0000000008002044       0x14 ./Core/Src/software_timer.o
                0x0000000008002044                timer_init
 .text.setTimer2
                0x0000000008002058       0x38 ./Core/Src/software_timer.o
                0x0000000008002058                setTimer2
 .text.setTimer3
                0x0000000008002090       0x38 ./Core/Src/software_timer.o
                0x0000000008002090                setTimer3
 .text.HAL_TIM_PeriodElapsedCallback
                0x00000000080020c8       0x8c ./Core/Src/software_timer.o
                0x00000000080020c8                HAL_TIM_PeriodElapsedCallback
 .text.MX_SPI1_Init
                0x0000000008002154       0x6c ./Core/Src/spi.o
                0x0000000008002154                MX_SPI1_Init
 .text.HAL_SPI_MspInit
                0x00000000080021c0       0x90 ./Core/Src/spi.o
                0x00000000080021c0                HAL_SPI_MspInit
 .text.HAL_MspInit
                0x0000000008002250       0x50 ./Core/Src/stm32f4xx_hal_msp.o
                0x0000000008002250                HAL_MspInit
 .text.NMI_Handler
                0x00000000080022a0        0x6 ./Core/Src/stm32f4xx_it.o
                0x00000000080022a0                NMI_Handler
 .text.HardFault_Handler
                0x00000000080022a6        0x6 ./Core/Src/stm32f4xx_it.o
                0x00000000080022a6                HardFault_Handler
 .text.MemManage_Handler
                0x00000000080022ac        0x6 ./Core/Src/stm32f4xx_it.o
                0x00000000080022ac                MemManage_Handler
 .text.BusFault_Handler
                0x00000000080022b2        0x6 ./Core/Src/stm32f4xx_it.o
                0x00000000080022b2                BusFault_Handler
 .text.UsageFault_Handler
                0x00000000080022b8        0x6 ./Core/Src/stm32f4xx_it.o
                0x00000000080022b8                UsageFault_Handler
 .text.SVC_Handler
                0x00000000080022be        0xe ./Core/Src/stm32f4xx_it.o
                0x00000000080022be                SVC_Handler
 .text.DebugMon_Handler
                0x00000000080022cc        0xe ./Core/Src/stm32f4xx_it.o
                0x00000000080022cc                DebugMon_Handler
 .text.PendSV_Handler
                0x00000000080022da        0xe ./Core/Src/stm32f4xx_it.o
                0x00000000080022da                PendSV_Handler
 .text.SysTick_Handler
                0x00000000080022e8        0xc ./Core/Src/stm32f4xx_it.o
                0x00000000080022e8                SysTick_Handler
 .text.TIM2_IRQHandler
                0x00000000080022f4       0x14 ./Core/Src/stm32f4xx_it.o
                0x00000000080022f4                TIM2_IRQHandler
 .text.USART1_IRQHandler
                0x0000000008002308       0x14 ./Core/Src/stm32f4xx_it.o
                0x0000000008002308                USART1_IRQHandler
 .text._sbrk    0x000000000800231c       0x6c ./Core/Src/sysmem.o
                0x000000000800231c                _sbrk
 .text.SystemInit
                0x0000000008002388       0x24 ./Core/Src/system_stm32f4xx.o
                0x0000000008002388                SystemInit
 .text.MX_TIM2_Init
                0x00000000080023ac       0x98 ./Core/Src/tim.o
                0x00000000080023ac                MX_TIM2_Init
 .text.HAL_TIM_Base_MspInit
                0x0000000008002444       0x4c ./Core/Src/tim.o
                0x0000000008002444                HAL_TIM_Base_MspInit
 .text.uart_init_rs232
                0x0000000008002490       0x1c ./Core/Src/uart.o
                0x0000000008002490                uart_init_rs232
 .text.uart_Rs232SendString
                0x00000000080024ac       0x34 ./Core/Src/uart.o
                0x00000000080024ac                uart_Rs232SendString
 .text.uart_Rs232SendNum
                0x00000000080024e0       0xac ./Core/Src/uart.o
                0x00000000080024e0                uart_Rs232SendNum
 .text.HAL_UART_RxCpltCallback
                0x000000000800258c       0x78 ./Core/Src/uart.o
                0x000000000800258c                HAL_UART_RxCpltCallback
 .text.MX_USART1_UART_Init
                0x0000000008002604       0x54 ./Core/Src/usart.o
                0x0000000008002604                MX_USART1_UART_Init
 .text.HAL_UART_MspInit
                0x0000000008002658       0xa0 ./Core/Src/usart.o
                0x0000000008002658                HAL_UART_MspInit
 .text.BCD2DEC  0x00000000080026f8       0x32 ./Core/Src/utils.o
                0x00000000080026f8                BCD2DEC
 *fill*         0x000000000800272a        0x2 
 .text.DEC2BCD  0x000000000800272c       0x48 ./Core/Src/utils.o
                0x000000000800272c                DEC2BCD
 .text.Reset_Handler
                0x0000000008002774       0x50 ./Core/Startup/startup_stm32f407zetx.o
                0x0000000008002774                Reset_Handler
 .text.Default_Handler
                0x00000000080027c4        0x2 ./Core/Startup/startup_stm32f407zetx.o
                0x00000000080027c4                RTC_Alarm_IRQHandler
                0x00000000080027c4                HASH_RNG_IRQHandler
                0x00000000080027c4                EXTI2_IRQHandler
                0x00000000080027c4                TIM8_CC_IRQHandler
                0x00000000080027c4                TIM1_CC_IRQHandler
                0x00000000080027c4                DMA2_Stream5_IRQHandler
                0x00000000080027c4                DMA1_Stream5_IRQHandler
                0x00000000080027c4                PVD_IRQHandler
                0x00000000080027c4                SDIO_IRQHandler
                0x00000000080027c4                TAMP_STAMP_IRQHandler
                0x00000000080027c4                CAN2_RX1_IRQHandler
                0x00000000080027c4                EXTI3_IRQHandler
                0x00000000080027c4                TIM8_TRG_COM_TIM14_IRQHandler
                0x00000000080027c4                TIM1_UP_TIM10_IRQHandler
                0x00000000080027c4                TIM8_UP_TIM13_IRQHandler
                0x00000000080027c4                I2C3_ER_IRQHandler
                0x00000000080027c4                EXTI0_IRQHandler
                0x00000000080027c4                I2C2_EV_IRQHandler
                0x00000000080027c4                DMA1_Stream2_IRQHandler
                0x00000000080027c4                CAN1_RX0_IRQHandler
                0x00000000080027c4                FPU_IRQHandler
                0x00000000080027c4                OTG_HS_WKUP_IRQHandler
                0x00000000080027c4                CAN2_SCE_IRQHandler
                0x00000000080027c4                DMA2_Stream2_IRQHandler
                0x00000000080027c4                SPI1_IRQHandler
                0x00000000080027c4                TIM6_DAC_IRQHandler
                0x00000000080027c4                TIM1_BRK_TIM9_IRQHandler
                0x00000000080027c4                DCMI_IRQHandler
                0x00000000080027c4                CAN2_RX0_IRQHandler
                0x00000000080027c4                DMA2_Stream3_IRQHandler
                0x00000000080027c4                USART6_IRQHandler
                0x00000000080027c4                USART3_IRQHandler
                0x00000000080027c4                CAN1_RX1_IRQHandler
                0x00000000080027c4                UART5_IRQHandler
                0x00000000080027c4                DMA2_Stream0_IRQHandler
                0x00000000080027c4                TIM4_IRQHandler
                0x00000000080027c4                I2C1_EV_IRQHandler
                0x00000000080027c4                DMA1_Stream6_IRQHandler
                0x00000000080027c4                DMA1_Stream1_IRQHandler
                0x00000000080027c4                UART4_IRQHandler
                0x00000000080027c4                TIM3_IRQHandler
                0x00000000080027c4                RCC_IRQHandler
                0x00000000080027c4                TIM8_BRK_TIM12_IRQHandler
                0x00000000080027c4                Default_Handler
                0x00000000080027c4                EXTI15_10_IRQHandler
                0x00000000080027c4                ADC_IRQHandler
                0x00000000080027c4                DMA1_Stream7_IRQHandler
                0x00000000080027c4                TIM7_IRQHandler
                0x00000000080027c4                CAN2_TX_IRQHandler
                0x00000000080027c4                TIM5_IRQHandler
                0x00000000080027c4                DMA2_Stream7_IRQHandler
                0x00000000080027c4                I2C3_EV_IRQHandler
                0x00000000080027c4                EXTI9_5_IRQHandler
                0x00000000080027c4                RTC_WKUP_IRQHandler
                0x00000000080027c4                ETH_WKUP_IRQHandler
                0x00000000080027c4                SPI2_IRQHandler
                0x00000000080027c4                OTG_HS_EP1_IN_IRQHandler
                0x00000000080027c4                DMA1_Stream0_IRQHandler
                0x00000000080027c4                CAN1_TX_IRQHandler
                0x00000000080027c4                EXTI4_IRQHandler
                0x00000000080027c4                FSMC_IRQHandler
                0x00000000080027c4                ETH_IRQHandler
                0x00000000080027c4                OTG_HS_EP1_OUT_IRQHandler
                0x00000000080027c4                WWDG_IRQHandler
                0x00000000080027c4                OTG_FS_WKUP_IRQHandler
                0x00000000080027c4                TIM1_TRG_COM_TIM11_IRQHandler
                0x00000000080027c4                OTG_HS_IRQHandler
                0x00000000080027c4                EXTI1_IRQHandler
                0x00000000080027c4                USART2_IRQHandler
                0x00000000080027c4                I2C2_ER_IRQHandler
                0x00000000080027c4                DMA2_Stream1_IRQHandler
                0x00000000080027c4                CAN1_SCE_IRQHandler
                0x00000000080027c4                FLASH_IRQHandler
                0x00000000080027c4                DMA2_Stream4_IRQHandler
                0x00000000080027c4                OTG_FS_IRQHandler
                0x00000000080027c4                SPI3_IRQHandler
                0x00000000080027c4                DMA1_Stream4_IRQHandler
                0x00000000080027c4                I2C1_ER_IRQHandler
                0x00000000080027c4                DMA2_Stream6_IRQHandler
                0x00000000080027c4                DMA1_Stream3_IRQHandler
 *fill*         0x00000000080027c6        0x2 
 .text.HAL_Init
                0x00000000080027c8       0x44 ./Drivers/STM32F4xx_HAL_Driver/Src/stm32f4xx_hal.o
                0x00000000080027c8                HAL_Init
 .text.HAL_InitTick
                0x000000000800280c       0x60 ./Drivers/STM32F4xx_HAL_Driver/Src/stm32f4xx_hal.o
                0x000000000800280c                HAL_InitTick
 .text.HAL_IncTick
                0x000000000800286c       0x28 ./Drivers/STM32F4xx_HAL_Driver/Src/stm32f4xx_hal.o
                0x000000000800286c                HAL_IncTick
 .text.HAL_GetTick
                0x0000000008002894       0x18 ./Drivers/STM32F4xx_HAL_Driver/Src/stm32f4xx_hal.o
                0x0000000008002894                HAL_GetTick
 .text.HAL_Delay
                0x00000000080028ac       0x48 ./Drivers/STM32F4xx_HAL_Driver/Src/stm32f4xx_hal.o
                0x00000000080028ac                HAL_Delay
 .text.__NVIC_SetPriorityGrouping
                0x00000000080028f4       0x48 ./Drivers/STM32F4xx_HAL_Driver/Src/stm32f4xx_hal_cortex.o
 .text.__NVIC_GetPriorityGrouping
                0x000000000800293c       0x1c ./Drivers/STM32F4xx_HAL_Driver/Src/stm32f4xx_hal_cortex.o
 .text.__NVIC_EnableIRQ
                0x0000000008002958       0x3c ./Drivers/STM32F4xx_HAL_Driver/Src/stm32f4xx_hal_cortex.o
 .text.__NVIC_SetPriority
                0x0000000008002994       0x54 ./Drivers/STM32F4xx_HAL_Driver/Src/stm32f4xx_hal_cortex.o
 .text.NVIC_EncodePriority
                0x00000000080029e8       0x66 ./Drivers/STM32F4xx_HAL_Driver/Src/stm32f4xx_hal_cortex.o
 *fill*         0x0000000008002a4e        0x2 
 .text.SysTick_Config
                0x0000000008002a50       0x44 ./Drivers/STM32F4xx_HAL_Driver/Src/stm32f4xx_hal_cortex.o
 .text.HAL_NVIC_SetPriorityGrouping
                0x0000000008002a94       0x16 ./Drivers/STM32F4xx_HAL_Driver/Src/stm32f4xx_hal_cortex.o
                0x0000000008002a94                HAL_NVIC_SetPriorityGrouping
 .text.HAL_NVIC_SetPriority
                0x0000000008002aaa       0x38 ./Drivers/STM32F4xx_HAL_Driver/Src/stm32f4xx_hal_cortex.o
                0x0000000008002aaa                HAL_NVIC_SetPriority
 .text.HAL_NVIC_EnableIRQ
                0x0000000008002ae2       0x1c ./Drivers/STM32F4xx_HAL_Driver/Src/stm32f4xx_hal_cortex.o
                0x0000000008002ae2                HAL_NVIC_EnableIRQ
 .text.HAL_SYSTICK_Config
                0x0000000008002afe       0x18 ./Drivers/STM32F4xx_HAL_Driver/Src/stm32f4xx_hal_cortex.o
                0x0000000008002afe                HAL_SYSTICK_Config
 .text.HAL_DMA_Abort
                0x0000000008002b16       0xe0 ./Drivers/STM32F4xx_HAL_Driver/Src/stm32f4xx_hal_dma.o
                0x0000000008002b16                HAL_DMA_Abort
 .text.HAL_DMA_Abort_IT
                0x0000000008002bf6       0x44 ./Drivers/STM32F4xx_HAL_Driver/Src/stm32f4xx_hal_dma.o
                0x0000000008002bf6                HAL_DMA_Abort_IT
 *fill*         0x0000000008002c3a        0x2 
 .text.HAL_GPIO_Init
                0x0000000008002c3c      0x338 ./Drivers/STM32F4xx_HAL_Driver/Src/stm32f4xx_hal_gpio.o
                0x0000000008002c3c                HAL_GPIO_Init
 .text.HAL_GPIO_WritePin
                0x0000000008002f74       0x32 ./Drivers/STM32F4xx_HAL_Driver/Src/stm32f4xx_hal_gpio.o
                0x0000000008002f74                HAL_GPIO_WritePin
 *fill*         0x0000000008002fa6        0x2 
 .text.HAL_I2C_Init
                0x0000000008002fa8      0x288 ./Drivers/STM32F4xx_HAL_Driver/Src/stm32f4xx_hal_i2c.o
                0x0000000008002fa8                HAL_I2C_Init
 .text.HAL_I2C_Mem_Write
                0x0000000008003230      0x1f4 ./Drivers/STM32F4xx_HAL_Driver/Src/stm32f4xx_hal_i2c.o
                0x0000000008003230                HAL_I2C_Mem_Write
 .text.HAL_I2C_Mem_Read
                0x0000000008003424      0x44c ./Drivers/STM32F4xx_HAL_Driver/Src/stm32f4xx_hal_i2c.o
                0x0000000008003424                HAL_I2C_Mem_Read
 .text.HAL_I2C_IsDeviceReady
                0x0000000008003870      0x25c ./Drivers/STM32F4xx_HAL_Driver/Src/stm32f4xx_hal_i2c.o
                0x0000000008003870                HAL_I2C_IsDeviceReady
 .text.I2C_RequestMemoryWrite
                0x0000000008003acc      0x12c ./Drivers/STM32F4xx_HAL_Driver/Src/stm32f4xx_hal_i2c.o
 .text.I2C_RequestMemoryRead
                0x0000000008003bf8      0x1d0 ./Drivers/STM32F4xx_HAL_Driver/Src/stm32f4xx_hal_i2c.o
 .text.I2C_WaitOnFlagUntilTimeout
                0x0000000008003dc8       0xae ./Drivers/STM32F4xx_HAL_Driver/Src/stm32f4xx_hal_i2c.o
 .text.I2C_WaitOnMasterAddressFlagUntilTimeout
                0x0000000008003e76       0xfe ./Drivers/STM32F4xx_HAL_Driver/Src/stm32f4xx_hal_i2c.o
 .text.I2C_WaitOnTXEFlagUntilTimeout
                0x0000000008003f74       0x82 ./Drivers/STM32F4xx_HAL_Driver/Src/stm32f4xx_hal_i2c.o
 .text.I2C_WaitOnBTFFlagUntilTimeout
                0x0000000008003ff6       0x82 ./Drivers/STM32F4xx_HAL_Driver/Src/stm32f4xx_hal_i2c.o
 .text.I2C_WaitOnRXNEFlagUntilTimeout
                0x0000000008004078       0xac ./Drivers/STM32F4xx_HAL_Driver/Src/stm32f4xx_hal_i2c.o
 .text.I2C_IsAcknowledgeFailed
                0x0000000008004124       0x5e ./Drivers/STM32F4xx_HAL_Driver/Src/stm32f4xx_hal_i2c.o
 *fill*         0x0000000008004182        0x2 
 .text.HAL_RCC_OscConfig
                0x0000000008004184      0x4f0 ./Drivers/STM32F4xx_HAL_Driver/Src/stm32f4xx_hal_rcc.o
                0x0000000008004184                HAL_RCC_OscConfig
 .text.HAL_RCC_ClockConfig
                0x0000000008004674      0x1cc ./Drivers/STM32F4xx_HAL_Driver/Src/stm32f4xx_hal_rcc.o
                0x0000000008004674                HAL_RCC_ClockConfig
 .text.HAL_RCC_GetSysClockFreq
                0x0000000008004840      0x20c ./Drivers/STM32F4xx_HAL_Driver/Src/stm32f4xx_hal_rcc.o
                0x0000000008004840                HAL_RCC_GetSysClockFreq
 .text.HAL_RCC_GetHCLKFreq
                0x0000000008004a4c       0x18 ./Drivers/STM32F4xx_HAL_Driver/Src/stm32f4xx_hal_rcc.o
                0x0000000008004a4c                HAL_RCC_GetHCLKFreq
 .text.HAL_RCC_GetPCLK1Freq
                0x0000000008004a64       0x28 ./Drivers/STM32F4xx_HAL_Driver/Src/stm32f4xx_hal_rcc.o
                0x0000000008004a64                HAL_RCC_GetPCLK1Freq
 .text.HAL_RCC_GetPCLK2Freq
                0x0000000008004a8c       0x28 ./Drivers/STM32F4xx_HAL_Driver/Src/stm32f4xx_hal_rcc.o
                0x0000000008004a8c                HAL_RCC_GetPCLK2Freq
 .text.HAL_SPI_Init
                0x0000000008004ab4      0x112 ./Drivers/STM32F4xx_HAL_Driver/Src/stm32f4xx_hal_spi.o
                0x0000000008004ab4                HAL_SPI_Init
 .text.HAL_SPI_Transmit
                0x0000000008004bc6      0x278 ./Drivers/STM32F4xx_HAL_Driver/Src/stm32f4xx_hal_spi.o
                0x0000000008004bc6                HAL_SPI_Transmit
 .text.HAL_SPI_Receive
                0x0000000008004e3e      0x222 ./Drivers/STM32F4xx_HAL_Driver/Src/stm32f4xx_hal_spi.o
                0x0000000008004e3e                HAL_SPI_Receive
 .text.HAL_SPI_TransmitReceive
                0x0000000008005060      0x344 ./Drivers/STM32F4xx_HAL_Driver/Src/stm32f4xx_hal_spi.o
                0x0000000008005060                HAL_SPI_TransmitReceive
 .text.SPI_WaitFlagStateUntilTimeout
                0x00000000080053a4      0x110 ./Drivers/STM32F4xx_HAL_Driver/Src/stm32f4xx_hal_spi.o
 .text.SPI_EndRxTransaction
                0x00000000080054b4       0xca ./Drivers/STM32F4xx_HAL_Driver/Src/stm32f4xx_hal_spi.o
 *fill*         0x000000000800557e        0x2 
 .text.SPI_EndRxTxTransaction
                0x0000000008005580       0x84 ./Drivers/STM32F4xx_HAL_Driver/Src/stm32f4xx_hal_spi.o
 .text.HAL_SRAM_Init
                0x0000000008005604       0x88 ./Drivers/STM32F4xx_HAL_Driver/Src/stm32f4xx_hal_sram.o
                0x0000000008005604                HAL_SRAM_Init
 .text.HAL_TIM_Base_Init
                0x000000000800568c       0x9e ./Drivers/STM32F4xx_HAL_Driver/Src/stm32f4xx_hal_tim.o
                0x000000000800568c                HAL_TIM_Base_Init
 *fill*         0x000000000800572a        0x2 
 .text.HAL_TIM_Base_Start_IT
                0x000000000800572c       0xe0 ./Drivers/STM32F4xx_HAL_Driver/Src/stm32f4xx_hal_tim.o
                0x000000000800572c                HAL_TIM_Base_Start_IT
 .text.HAL_TIM_IRQHandler
                0x000000000800580c      0x210 ./Drivers/STM32F4xx_HAL_Driver/Src/stm32f4xx_hal_tim.o
                0x000000000800580c                HAL_TIM_IRQHandler
 .text.HAL_TIM_ConfigClockSource
                0x0000000008005a1c      0x18e ./Drivers/STM32F4xx_HAL_Driver/Src/stm32f4xx_hal_tim.o
                0x0000000008005a1c                HAL_TIM_ConfigClockSource
 .text.HAL_TIM_OC_DelayElapsedCallback
                0x0000000008005baa       0x14 ./Drivers/STM32F4xx_HAL_Driver/Src/stm32f4xx_hal_tim.o
                0x0000000008005baa                HAL_TIM_OC_DelayElapsedCallback
 .text.HAL_TIM_IC_CaptureCallback
                0x0000000008005bbe       0x14 ./Drivers/STM32F4xx_HAL_Driver/Src/stm32f4xx_hal_tim.o
                0x0000000008005bbe                HAL_TIM_IC_CaptureCallback
 .text.HAL_TIM_PWM_PulseFinishedCallback
                0x0000000008005bd2       0x14 ./Drivers/STM32F4xx_HAL_Driver/Src/stm32f4xx_hal_tim.o
                0x0000000008005bd2                HAL_TIM_PWM_PulseFinishedCallback
 .text.HAL_TIM_TriggerCallback
                0x0000000008005be6       0x14 ./Drivers/STM32F4xx_HAL_Driver/Src/stm32f4xx_hal_tim.o
                0x0000000008005be6                HAL_TIM_TriggerCallback
 *fill*         0x0000000008005bfa        0x2 
 .text.TIM_Base_SetConfig
                0x0000000008005bfc      0x140 ./Drivers/STM32F4xx_HAL_Driver/Src/stm32f4xx_hal_tim.o
                0x0000000008005bfc                TIM_Base_SetConfig
 .text.TIM_TI1_ConfigInputStage
                0x0000000008005d3c       0x5e ./Drivers/STM32F4xx_HAL_Driver/Src/stm32f4xx_hal_tim.o
 .text.TIM_TI2_ConfigInputStage
                0x0000000008005d9a       0x60 ./Drivers/STM32F4xx_HAL_Driver/Src/stm32f4xx_hal_tim.o
 .text.TIM_ITRx_SetConfig
                0x0000000008005dfa       0x36 ./Drivers/STM32F4xx_HAL_Driver/Src/stm32f4xx_hal_tim.o
 .text.TIM_ETR_SetConfig
                0x0000000008005e30       0x40 ./Drivers/STM32F4xx_HAL_Driver/Src/stm32f4xx_hal_tim.o
                0x0000000008005e30                TIM_ETR_SetConfig
 .text.HAL_TIMEx_MasterConfigSynchronization
                0x0000000008005e70       0xf8 ./Drivers/STM32F4xx_HAL_Driver/Src/stm32f4xx_hal_tim_ex.o
                0x0000000008005e70                HAL_TIMEx_MasterConfigSynchronization
 .text.HAL_TIMEx_CommutCallback
                0x0000000008005f68       0x14 ./Drivers/STM32F4xx_HAL_Driver/Src/stm32f4xx_hal_tim_ex.o
                0x0000000008005f68                HAL_TIMEx_CommutCallback
 .text.HAL_TIMEx_BreakCallback
                0x0000000008005f7c       0x14 ./Drivers/STM32F4xx_HAL_Driver/Src/stm32f4xx_hal_tim_ex.o
                0x0000000008005f7c                HAL_TIMEx_BreakCallback
 .text.HAL_UART_Init
                0x0000000008005f90       0x9a ./Drivers/STM32F4xx_HAL_Driver/Src/stm32f4xx_hal_uart.o
                0x0000000008005f90                HAL_UART_Init
 .text.HAL_UART_Transmit
                0x000000000800602a      0x124 ./Drivers/STM32F4xx_HAL_Driver/Src/stm32f4xx_hal_uart.o
                0x000000000800602a                HAL_UART_Transmit
 .text.HAL_UART_Receive_IT
                0x000000000800614e       0x60 ./Drivers/STM32F4xx_HAL_Driver/Src/stm32f4xx_hal_uart.o
                0x000000000800614e                HAL_UART_Receive_IT
 *fill*         0x00000000080061ae        0x2 
 .text.HAL_UART_IRQHandler
                0x00000000080061b0      0x51c ./Drivers/STM32F4xx_HAL_Driver/Src/stm32f4xx_hal_uart.o
                0x00000000080061b0                HAL_UART_IRQHandler
 .text.HAL_UART_TxCpltCallback
                0x00000000080066cc       0x14 ./Drivers/STM32F4xx_HAL_Driver/Src/stm32f4xx_hal_uart.o
                0x00000000080066cc                HAL_UART_TxCpltCallback
 .text.HAL_UART_ErrorCallback
                0x00000000080066e0       0x14 ./Drivers/STM32F4xx_HAL_Driver/Src/stm32f4xx_hal_uart.o
                0x00000000080066e0                HAL_UART_ErrorCallback
 .text.HAL_UARTEx_RxEventCallback
                0x00000000080066f4       0x18 ./Drivers/STM32F4xx_HAL_Driver/Src/stm32f4xx_hal_uart.o
                0x00000000080066f4                HAL_UARTEx_RxEventCallback
 .text.UART_WaitOnFlagUntilTimeout
                0x000000000800670c       0xdc ./Drivers/STM32F4xx_HAL_Driver/Src/stm32f4xx_hal_uart.o
 .text.UART_Start_Receive_IT
                0x00000000080067e8       0x74 ./Drivers/STM32F4xx_HAL_Driver/Src/stm32f4xx_hal_uart.o
                0x00000000080067e8                UART_Start_Receive_IT
 .text.UART_EndRxTransfer
                0x000000000800685c       0xc6 ./Drivers/STM32F4xx_HAL_Driver/Src/stm32f4xx_hal_uart.o
 .text.UART_DMAAbortOnError
                0x0000000008006922       0x28 ./Drivers/STM32F4xx_HAL_Driver/Src/stm32f4xx_hal_uart.o
 .text.UART_Transmit_IT
                0x000000000800694a       0xa0 ./Drivers/STM32F4xx_HAL_Driver/Src/stm32f4xx_hal_uart.o
 .text.UART_EndTransmit_IT
                0x00000000080069ea       0x30 ./Drivers/STM32F4xx_HAL_Driver/Src/stm32f4xx_hal_uart.o
 .text.UART_Receive_IT
                0x0000000008006a1a      0x176 ./Drivers/STM32F4xx_HAL_Driver/Src/stm32f4xx_hal_uart.o
 .text.UART_SetConfig
                0x0000000008006b90      0x4e8 ./Drivers/STM32F4xx_HAL_Driver/Src/stm32f4xx_hal_uart.o
 .text.FSMC_NORSRAM_Init
                0x0000000008007078       0xa4 ./Drivers/STM32F4xx_HAL_Driver/Src/stm32f4xx_ll_fsmc.o
                0x0000000008007078                FSMC_NORSRAM_Init
 .text.FSMC_NORSRAM_Timing_Init
                0x000000000800711c       0x7a ./Drivers/STM32F4xx_HAL_Driver/Src/stm32f4xx_ll_fsmc.o
                0x000000000800711c                FSMC_NORSRAM_Timing_Init
 *fill*         0x0000000008007196        0x2 
 .text.FSMC_NORSRAM_Extended_Timing_Init
                0x0000000008007198       0x80 ./Drivers/STM32F4xx_HAL_Driver/Src/stm32f4xx_ll_fsmc.o
                0x0000000008007198                FSMC_NORSRAM_Extended_Timing_Init
 .text.sprintf  0x0000000008007218       0x40 C:/ST/STM32CubeIDE_1.14.0/STM32CubeIDE/plugins/com.st.stm32cube.ide.mcu.externaltools.gnu-tools-for-stm32.11.3.rel1.win32_1.1.100.202309141235/tools/bin/../lib/gcc/arm-none-eabi/11.3.1/../../../../arm-none-eabi/lib/thumb/v7e-m+fp/hard\libc_nano.a(libc_a-sprintf.o)
                0x0000000008007218                siprintf
                0x0000000008007218                sprintf
 .text.memset   0x0000000008007258       0x10 C:/ST/STM32CubeIDE_1.14.0/STM32CubeIDE/plugins/com.st.stm32cube.ide.mcu.externaltools.gnu-tools-for-stm32.11.3.rel1.win32_1.1.100.202309141235/tools/bin/../lib/gcc/arm-none-eabi/11.3.1/../../../../arm-none-eabi/lib/thumb/v7e-m+fp/hard\libc_nano.a(libc_a-memset.o)
                0x0000000008007258                memset
 .text.__errno  0x0000000008007268        0xc C:/ST/STM32CubeIDE_1.14.0/STM32CubeIDE/plugins/com.st.stm32cube.ide.mcu.externaltools.gnu-tools-for-stm32.11.3.rel1.win32_1.1.100.202309141235/tools/bin/../lib/gcc/arm-none-eabi/11.3.1/../../../../arm-none-eabi/lib/thumb/v7e-m+fp/hard\libc_nano.a(libc_a-errno.o)
                0x0000000008007268                __errno
 .text.__libc_init_array
                0x0000000008007274       0x48 C:/ST/STM32CubeIDE_1.14.0/STM32CubeIDE/plugins/com.st.stm32cube.ide.mcu.externaltools.gnu-tools-for-stm32.11.3.rel1.win32_1.1.100.202309141235/tools/bin/../lib/gcc/arm-none-eabi/11.3.1/../../../../arm-none-eabi/lib/thumb/v7e-m+fp/hard\libc_nano.a(libc_a-init.o)
                0x0000000008007274                __libc_init_array
 .text.__retarget_lock_acquire_recursive
                0x00000000080072bc        0x2 C:/ST/STM32CubeIDE_1.14.0/STM32CubeIDE/plugins/com.st.stm32cube.ide.mcu.externaltools.gnu-tools-for-stm32.11.3.rel1.win32_1.1.100.202309141235/tools/bin/../lib/gcc/arm-none-eabi/11.3.1/../../../../arm-none-eabi/lib/thumb/v7e-m+fp/hard\libc_nano.a(libc_a-lock.o)
                0x00000000080072bc                __retarget_lock_acquire_recursive
 .text.__retarget_lock_release_recursive
                0x00000000080072be        0x2 C:/ST/STM32CubeIDE_1.14.0/STM32CubeIDE/plugins/com.st.stm32cube.ide.mcu.externaltools.gnu-tools-for-stm32.11.3.rel1.win32_1.1.100.202309141235/tools/bin/../lib/gcc/arm-none-eabi/11.3.1/../../../../arm-none-eabi/lib/thumb/v7e-m+fp/hard\libc_nano.a(libc_a-lock.o)
                0x00000000080072be                __retarget_lock_release_recursive
 .text._free_r  0x00000000080072c0       0x98 C:/ST/STM32CubeIDE_1.14.0/STM32CubeIDE/plugins/com.st.stm32cube.ide.mcu.externaltools.gnu-tools-for-stm32.11.3.rel1.win32_1.1.100.202309141235/tools/bin/../lib/gcc/arm-none-eabi/11.3.1/../../../../arm-none-eabi/lib/thumb/v7e-m+fp/hard\libc_nano.a(libc_a-freer.o)
                0x00000000080072c0                _free_r
 .text.sbrk_aligned
                0x0000000008007358       0x40 C:/ST/STM32CubeIDE_1.14.0/STM32CubeIDE/plugins/com.st.stm32cube.ide.mcu.externaltools.gnu-tools-for-stm32.11.3.rel1.win32_1.1.100.202309141235/tools/bin/../lib/gcc/arm-none-eabi/11.3.1/../../../../arm-none-eabi/lib/thumb/v7e-m+fp/hard\libc_nano.a(libc_a-mallocr.o)
 .text._malloc_r
                0x0000000008007398      0x100 C:/ST/STM32CubeIDE_1.14.0/STM32CubeIDE/plugins/com.st.stm32cube.ide.mcu.externaltools.gnu-tools-for-stm32.11.3.rel1.win32_1.1.100.202309141235/tools/bin/../lib/gcc/arm-none-eabi/11.3.1/../../../../arm-none-eabi/lib/thumb/v7e-m+fp/hard\libc_nano.a(libc_a-mallocr.o)
                0x0000000008007398                _malloc_r
 .text.__malloc_lock
                0x0000000008007498        0xc C:/ST/STM32CubeIDE_1.14.0/STM32CubeIDE/plugins/com.st.stm32cube.ide.mcu.externaltools.gnu-tools-for-stm32.11.3.rel1.win32_1.1.100.202309141235/tools/bin/../lib/gcc/arm-none-eabi/11.3.1/../../../../arm-none-eabi/lib/thumb/v7e-m+fp/hard\libc_nano.a(libc_a-mlock.o)
                0x0000000008007498                __malloc_lock
 .text.__malloc_unlock
                0x00000000080074a4        0xc C:/ST/STM32CubeIDE_1.14.0/STM32CubeIDE/plugins/com.st.stm32cube.ide.mcu.externaltools.gnu-tools-for-stm32.11.3.rel1.win32_1.1.100.202309141235/tools/bin/../lib/gcc/arm-none-eabi/11.3.1/../../../../arm-none-eabi/lib/thumb/v7e-m+fp/hard\libc_nano.a(libc_a-mlock.o)
                0x00000000080074a4                __malloc_unlock
 .text.__ssputs_r
                0x00000000080074b0       0xb4 C:/ST/STM32CubeIDE_1.14.0/STM32CubeIDE/plugins/com.st.stm32cube.ide.mcu.externaltools.gnu-tools-for-stm32.11.3.rel1.win32_1.1.100.202309141235/tools/bin/../lib/gcc/arm-none-eabi/11.3.1/../../../../arm-none-eabi/lib/thumb/v7e-m+fp/hard\libc_nano.a(libc_a-nano-svfprintf.o)
                0x00000000080074b0                __ssputs_r
 .text._svfprintf_r
                0x0000000008007564      0x1fc C:/ST/STM32CubeIDE_1.14.0/STM32CubeIDE/plugins/com.st.stm32cube.ide.mcu.externaltools.gnu-tools-for-stm32.11.3.rel1.win32_1.1.100.202309141235/tools/bin/../lib/gcc/arm-none-eabi/11.3.1/../../../../arm-none-eabi/lib/thumb/v7e-m+fp/hard\libc_nano.a(libc_a-nano-svfprintf.o)
                0x0000000008007564                _svfiprintf_r
                0x0000000008007564                _svfprintf_r
 .text._printf_common
                0x0000000008007760       0xda C:/ST/STM32CubeIDE_1.14.0/STM32CubeIDE/plugins/com.st.stm32cube.ide.mcu.externaltools.gnu-tools-for-stm32.11.3.rel1.win32_1.1.100.202309141235/tools/bin/../lib/gcc/arm-none-eabi/11.3.1/../../../../arm-none-eabi/lib/thumb/v7e-m+fp/hard\libc_nano.a(libc_a-nano-vfprintf_i.o)
                0x0000000008007760                _printf_common
 *fill*         0x000000000800783a        0x2 
 .text._printf_i
                0x000000000800783c      0x244 C:/ST/STM32CubeIDE_1.14.0/STM32CubeIDE/plugins/com.st.stm32cube.ide.mcu.externaltools.gnu-tools-for-stm32.11.3.rel1.win32_1.1.100.202309141235/tools/bin/../lib/gcc/arm-none-eabi/11.3.1/../../../../arm-none-eabi/lib/thumb/v7e-m+fp/hard\libc_nano.a(libc_a-nano-vfprintf_i.o)
                0x000000000800783c                _printf_i
 .text.memmove  0x0000000008007a80       0x34 C:/ST/STM32CubeIDE_1.14.0/STM32CubeIDE/plugins/com.st.stm32cube.ide.mcu.externaltools.gnu-tools-for-stm32.11.3.rel1.win32_1.1.100.202309141235/tools/bin/../lib/gcc/arm-none-eabi/11.3.1/../../../../arm-none-eabi/lib/thumb/v7e-m+fp/hard\libc_nano.a(libc_a-memmove.o)
                0x0000000008007a80                memmove
 .text._sbrk_r  0x0000000008007ab4       0x20 C:/ST/STM32CubeIDE_1.14.0/STM32CubeIDE/plugins/com.st.stm32cube.ide.mcu.externaltools.gnu-tools-for-stm32.11.3.rel1.win32_1.1.100.202309141235/tools/bin/../lib/gcc/arm-none-eabi/11.3.1/../../../../arm-none-eabi/lib/thumb/v7e-m+fp/hard\libc_nano.a(libc_a-sbrkr.o)
                0x0000000008007ab4                _sbrk_r
 .text.memcpy   0x0000000008007ad4       0x1c C:/ST/STM32CubeIDE_1.14.0/STM32CubeIDE/plugins/com.st.stm32cube.ide.mcu.externaltools.gnu-tools-for-stm32.11.3.rel1.win32_1.1.100.202309141235/tools/bin/../lib/gcc/arm-none-eabi/11.3.1/../../../../arm-none-eabi/lib/thumb/v7e-m+fp/hard\libc_nano.a(libc_a-memcpy-stub.o)
                0x0000000008007ad4                memcpy
 .text._realloc_r
                0x0000000008007af0       0x5e C:/ST/STM32CubeIDE_1.14.0/STM32CubeIDE/plugins/com.st.stm32cube.ide.mcu.externaltools.gnu-tools-for-stm32.11.3.rel1.win32_1.1.100.202309141235/tools/bin/../lib/gcc/arm-none-eabi/11.3.1/../../../../arm-none-eabi/lib/thumb/v7e-m+fp/hard\libc_nano.a(libc_a-reallocr.o)
                0x0000000008007af0                _realloc_r
 .text._malloc_usable_size_r
                0x0000000008007b4e       0x10 C:/ST/STM32CubeIDE_1.14.0/STM32CubeIDE/plugins/com.st.stm32cube.ide.mcu.externaltools.gnu-tools-for-stm32.11.3.rel1.win32_1.1.100.202309141235/tools/bin/../lib/gcc/arm-none-eabi/11.3.1/../../../../arm-none-eabi/lib/thumb/v7e-m+fp/hard\libc_nano.a(libc_a-msizer.o)
                0x0000000008007b4e                _malloc_usable_size_r
 *(.glue_7)
 .glue_7        0x0000000008007b5e        0x0 linker stubs
 *(.glue_7t)
 .glue_7t       0x0000000008007b5e        0x0 linker stubs
 *(.eh_frame)
 *fill*         0x0000000008007b5e        0x2 
 .eh_frame      0x0000000008007b60        0x0 C:/ST/STM32CubeIDE_1.14.0/STM32CubeIDE/plugins/com.st.stm32cube.ide.mcu.externaltools.gnu-tools-for-stm32.11.3.rel1.win32_1.1.100.202309141235/tools/bin/../lib/gcc/arm-none-eabi/11.3.1/thumb/v7e-m+fp/hard/crtbegin.o
 *(.init)
 .init          0x0000000008007b60        0x4 C:/ST/STM32CubeIDE_1.14.0/STM32CubeIDE/plugins/com.st.stm32cube.ide.mcu.externaltools.gnu-tools-for-stm32.11.3.rel1.win32_1.1.100.202309141235/tools/bin/../lib/gcc/arm-none-eabi/11.3.1/thumb/v7e-m+fp/hard/crti.o
                0x0000000008007b60                _init
 .init          0x0000000008007b64        0x8 C:/ST/STM32CubeIDE_1.14.0/STM32CubeIDE/plugins/com.st.stm32cube.ide.mcu.externaltools.gnu-tools-for-stm32.11.3.rel1.win32_1.1.100.202309141235/tools/bin/../lib/gcc/arm-none-eabi/11.3.1/thumb/v7e-m+fp/hard/crtn.o
 *(.fini)
 .fini          0x0000000008007b6c        0x4 C:/ST/STM32CubeIDE_1.14.0/STM32CubeIDE/plugins/com.st.stm32cube.ide.mcu.externaltools.gnu-tools-for-stm32.11.3.rel1.win32_1.1.100.202309141235/tools/bin/../lib/gcc/arm-none-eabi/11.3.1/thumb/v7e-m+fp/hard/crti.o
                0x0000000008007b6c                _fini
 .fini          0x0000000008007b70        0x8 C:/ST/STM32CubeIDE_1.14.0/STM32CubeIDE/plugins/com.st.stm32cube.ide.mcu.externaltools.gnu-tools-for-stm32.11.3.rel1.win32_1.1.100.202309141235/tools/bin/../lib/gcc/arm-none-eabi/11.3.1/thumb/v7e-m+fp/hard/crtn.o
                0x0000000008007b78                . = ALIGN (0x4)
                0x0000000008007b78                _etext = .

.vfp11_veneer   0x0000000008007b78        0x0
 .vfp11_veneer  0x0000000008007b78        0x0 linker stubs

.v4_bx          0x0000000008007b78        0x0
 .v4_bx         0x0000000008007b78        0x0 linker stubs

.iplt           0x0000000008007b78        0x0
 .iplt          0x0000000008007b78        0x0 C:/ST/STM32CubeIDE_1.14.0/STM32CubeIDE/plugins/com.st.stm32cube.ide.mcu.externaltools.gnu-tools-for-stm32.11.3.rel1.win32_1.1.100.202309141235/tools/bin/../lib/gcc/arm-none-eabi/11.3.1/thumb/v7e-m+fp/hard/crtbegin.o

.rodata         0x0000000008007b78     0x3078
                0x0000000008007b78                . = ALIGN (0x4)
 *(.rodata)
 .rodata        0x0000000008007b78       0x96 ./Core/Src/main.o
 *fill*         0x0000000008007c0e        0x2 
 .rodata        0x0000000008007c10       0x12 ./Core/Src/uart.o
 *(.rodata*)
 *fill*         0x0000000008007c22        0x2 
 .rodata.ascii_1608
                0x0000000008007c24      0x5f0 ./Core/Src/lcd.o
                0x0000000008007c24                ascii_1608
 .rodata.ascii_2412
                0x0000000008008214     0x11d0 ./Core/Src/lcd.o
                0x0000000008008214                ascii_2412
 .rodata.ascii_3216
                0x00000000080093e4     0x17c0 ./Core/Src/lcd.o
                0x00000000080093e4                ascii_3216
 .rodata.AHBPrescTable
                0x000000000800aba4       0x10 ./Core/Src/system_stm32f4xx.o
                0x000000000800aba4                AHBPrescTable
 .rodata.APBPrescTable
                0x000000000800abb4        0x8 ./Core/Src/system_stm32f4xx.o
                0x000000000800abb4                APBPrescTable
 .rodata._svfprintf_r.str1.1
                0x000000000800abbc       0x11 C:/ST/STM32CubeIDE_1.14.0/STM32CubeIDE/plugins/com.st.stm32cube.ide.mcu.externaltools.gnu-tools-for-stm32.11.3.rel1.win32_1.1.100.202309141235/tools/bin/../lib/gcc/arm-none-eabi/11.3.1/../../../../arm-none-eabi/lib/thumb/v7e-m+fp/hard\libc_nano.a(libc_a-nano-svfprintf.o)
 .rodata._printf_i.str1.1
                0x000000000800abcd       0x22 C:/ST/STM32CubeIDE_1.14.0/STM32CubeIDE/plugins/com.st.stm32cube.ide.mcu.externaltools.gnu-tools-for-stm32.11.3.rel1.win32_1.1.100.202309141235/tools/bin/../lib/gcc/arm-none-eabi/11.3.1/../../../../arm-none-eabi/lib/thumb/v7e-m+fp/hard\libc_nano.a(libc_a-nano-vfprintf_i.o)
                0x000000000800abf0                . = ALIGN (0x4)
 *fill*         0x000000000800abef        0x1 

.ARM.extab      0x000000000800abf0        0x0
                0x000000000800abf0                . = ALIGN (0x4)
 *(.ARM.extab* .gnu.linkonce.armextab.*)
                0x000000000800abf0                . = ALIGN (0x4)

.ARM            0x000000000800abf0        0x8
                0x000000000800abf0                . = ALIGN (0x4)
                0x000000000800abf0                __exidx_start = .
 *(.ARM.exidx*)
 .ARM.exidx     0x000000000800abf0        0x8 C:/ST/STM32CubeIDE_1.14.0/STM32CubeIDE/plugins/com.st.stm32cube.ide.mcu.externaltools.gnu-tools-for-stm32.11.3.rel1.win32_1.1.100.202309141235/tools/bin/../lib/gcc/arm-none-eabi/11.3.1/thumb/v7e-m+fp/hard\libgcc.a(_udivmoddi4.o)
                0x000000000800abf8                __exidx_end = .
                0x000000000800abf8                . = ALIGN (0x4)

.rel.dyn        0x000000000800abf8        0x0
 .rel.iplt      0x000000000800abf8        0x0 C:/ST/STM32CubeIDE_1.14.0/STM32CubeIDE/plugins/com.st.stm32cube.ide.mcu.externaltools.gnu-tools-for-stm32.11.3.rel1.win32_1.1.100.202309141235/tools/bin/../lib/gcc/arm-none-eabi/11.3.1/thumb/v7e-m+fp/hard/crtbegin.o

.preinit_array  0x000000000800abf8        0x0
                0x000000000800abf8                . = ALIGN (0x4)
                0x000000000800abf8                PROVIDE (__preinit_array_start = .)
 *(.preinit_array*)
                0x000000000800abf8                PROVIDE (__preinit_array_end = .)
                0x000000000800abf8                . = ALIGN (0x4)

.init_array     0x000000000800abf8        0x4
                0x000000000800abf8                . = ALIGN (0x4)
                0x000000000800abf8                PROVIDE (__init_array_start = .)
 *(SORT_BY_NAME(.init_array.*))
 *(.init_array*)
 .init_array    0x000000000800abf8        0x4 C:/ST/STM32CubeIDE_1.14.0/STM32CubeIDE/plugins/com.st.stm32cube.ide.mcu.externaltools.gnu-tools-for-stm32.11.3.rel1.win32_1.1.100.202309141235/tools/bin/../lib/gcc/arm-none-eabi/11.3.1/thumb/v7e-m+fp/hard/crtbegin.o
                0x000000000800abfc                PROVIDE (__init_array_end = .)
                0x000000000800abfc                . = ALIGN (0x4)

.fini_array     0x000000000800abfc        0x4
                0x000000000800abfc                . = ALIGN (0x4)
                [!provide]                        PROVIDE (__fini_array_start = .)
 *(SORT_BY_NAME(.fini_array.*))
 *(.fini_array*)
 .fini_array    0x000000000800abfc        0x4 C:/ST/STM32CubeIDE_1.14.0/STM32CubeIDE/plugins/com.st.stm32cube.ide.mcu.externaltools.gnu-tools-for-stm32.11.3.rel1.win32_1.1.100.202309141235/tools/bin/../lib/gcc/arm-none-eabi/11.3.1/thumb/v7e-m+fp/hard/crtbegin.o
                [!provide]                        PROVIDE (__fini_array_end = .)
                0x000000000800ac00                . = ALIGN (0x4)
                0x000000000800ac00                _sidata = LOADADDR (.data)

.data           0x0000000020000000       0x64 load address 0x000000000800ac00
                0x0000000020000000                . = ALIGN (0x4)
                0x0000000020000000                _sdata = .
 *(.data)
 *(.data*)
 .data.led7seg  0x0000000020000000        0x4 ./Core/Src/led_7seg.o
                0x0000000020000000                led7seg
 .data.spi_buffer
                0x0000000020000004        0x2 ./Core/Src/led_7seg.o
                0x0000000020000004                spi_buffer
 .data.alarm_active
                0x0000000020000006        0x1 ./Core/Src/main.o
                0x0000000020000006                alarm_active
 *fill*         0x0000000020000007        0x1 
 .data.SystemCoreClock
                0x0000000020000008        0x4 ./Core/Src/system_stm32f4xx.o
                0x0000000020000008                SystemCoreClock
 .data.uwTickPrio
                0x000000002000000c        0x4 ./Drivers/STM32F4xx_HAL_Driver/Src/stm32f4xx_hal.o
                0x000000002000000c                uwTickPrio
 .data.uwTickFreq
                0x0000000020000010        0x1 ./Drivers/STM32F4xx_HAL_Driver/Src/stm32f4xx_hal.o
                0x0000000020000010                uwTickFreq
 *fill*         0x0000000020000011        0x3 
 .data._impure_data
                0x0000000020000014       0x4c C:/ST/STM32CubeIDE_1.14.0/STM32CubeIDE/plugins/com.st.stm32cube.ide.mcu.externaltools.gnu-tools-for-stm32.11.3.rel1.win32_1.1.100.202309141235/tools/bin/../lib/gcc/arm-none-eabi/11.3.1/../../../../arm-none-eabi/lib/thumb/v7e-m+fp/hard\libc_nano.a(libc_a-impure.o)
                0x0000000020000014                _impure_data
 .data._impure_ptr
                0x0000000020000060        0x4 C:/ST/STM32CubeIDE_1.14.0/STM32CubeIDE/plugins/com.st.stm32cube.ide.mcu.externaltools.gnu-tools-for-stm32.11.3.rel1.win32_1.1.100.202309141235/tools/bin/../lib/gcc/arm-none-eabi/11.3.1/../../../../arm-none-eabi/lib/thumb/v7e-m+fp/hard\libc_nano.a(libc_a-impure.o)
                0x0000000020000060                _impure_ptr
 *(.RamFunc)
 *(.RamFunc*)
                0x0000000020000064                . = ALIGN (0x4)
                0x0000000020000064                _edata = .
                0x000000000800ac64                _siccmram = LOADADDR (.ccmram)

.igot.plt       0x0000000020000064        0x0 load address 0x000000000800ac64
 .igot.plt      0x0000000020000064        0x0 C:/ST/STM32CubeIDE_1.14.0/STM32CubeIDE/plugins/com.st.stm32cube.ide.mcu.externaltools.gnu-tools-for-stm32.11.3.rel1.win32_1.1.100.202309141235/tools/bin/../lib/gcc/arm-none-eabi/11.3.1/thumb/v7e-m+fp/hard/crtbegin.o

.ccmram         0x0000000010000000        0x0 load address 0x000000000800ac64
                0x0000000010000000                . = ALIGN (0x4)
                0x0000000010000000                _sccmram = .
 *(.ccmram)
 *(.ccmram*)
                0x0000000010000000                . = ALIGN (0x4)
                0x0000000010000000                _eccmram = .
                0x0000000010000000                . = ALIGN (0x4)

.bss            0x0000000020000064      0x3dc
                0x0000000020000064                _sbss = .
                0x0000000020000064                __bss_start__ = _sbss
 *(.bss)
 .bss           0x0000000020000064       0x1c C:/ST/STM32CubeIDE_1.14.0/STM32CubeIDE/plugins/com.st.stm32cube.ide.mcu.externaltools.gnu-tools-for-stm32.11.3.rel1.win32_1.1.100.202309141235/tools/bin/../lib/gcc/arm-none-eabi/11.3.1/thumb/v7e-m+fp/hard/crtbegin.o
 *(.bss*)
 .bss.button_count
                0x0000000020000080       0x20 ./Core/Src/button.o
                0x0000000020000080                button_count
 .bss.spi_button
                0x00000000200000a0        0x2 ./Core/Src/button.o
                0x00000000200000a0                spi_button
 *fill*         0x00000000200000a2        0x2 
 .bss.ds3231_buffer
                0x00000000200000a4        0x7 ./Core/Src/ds3231.o
                0x00000000200000a4                ds3231_buffer
 .bss.ds3231_hours
                0x00000000200000ab        0x1 ./Core/Src/ds3231.o
                0x00000000200000ab                ds3231_hours
 .bss.ds3231_min
                0x00000000200000ac        0x1 ./Core/Src/ds3231.o
                0x00000000200000ac                ds3231_min
 .bss.ds3231_sec
                0x00000000200000ad        0x1 ./Core/Src/ds3231.o
                0x00000000200000ad                ds3231_sec
 .bss.ds3231_date
                0x00000000200000ae        0x1 ./Core/Src/ds3231.o
                0x00000000200000ae                ds3231_date
 .bss.ds3231_day
                0x00000000200000af        0x1 ./Core/Src/ds3231.o
                0x00000000200000af                ds3231_day
 .bss.ds3231_month
                0x00000000200000b0        0x1 ./Core/Src/ds3231.o
                0x00000000200000b0                ds3231_month
 .bss.ds3231_year
                0x00000000200000b1        0x1 ./Core/Src/ds3231.o
                0x00000000200000b1                ds3231_year
 *fill*         0x00000000200000b2        0x2 
 .bss.hsram1    0x00000000200000b4       0x50 ./Core/Src/fsmc.o
                0x00000000200000b4                hsram1
 .bss.FSMC_Initialized
                0x0000000020000104        0x4 ./Core/Src/fsmc.o
 .bss.hi2c1     0x0000000020000108       0x54 ./Core/Src/i2c.o
                0x0000000020000108                hi2c1
 .bss.lcddev    0x000000002000015c        0x6 ./Core/Src/lcd.o
                0x000000002000015c                lcddev
 *fill*         0x0000000020000162        0x2 
 .bss.led7_index
                0x0000000020000164        0x4 ./Core/Src/led_7seg.o
                0x0000000020000164                led7_index
 .bss.currentMode
                0x0000000020000168        0x1 ./Core/Src/main.o
                0x0000000020000168                currentMode
 .bss.currentSetting
                0x0000000020000169        0x1 ./Core/Src/main.o
                0x0000000020000169                currentSetting
 .bss.isSetting
                0x000000002000016a        0x1 ./Core/Src/main.o
                0x000000002000016a                isSetting
 .bss.pending_hours
                0x000000002000016b        0x1 ./Core/Src/main.o
                0x000000002000016b                pending_hours
 .bss.pending_min
                0x000000002000016c        0x1 ./Core/Src/main.o
                0x000000002000016c                pending_min
 .bss.pending_sec
                0x000000002000016d        0x1 ./Core/Src/main.o
                0x000000002000016d                pending_sec
 .bss.alarm_set_hours
                0x000000002000016e        0x1 ./Core/Src/main.o
                0x000000002000016e                alarm_set_hours
 .bss.alarm_set_minutes
                0x000000002000016f        0x1 ./Core/Src/main.o
                0x000000002000016f                alarm_set_minutes
 .bss.alarm_triggered
                0x0000000020000170        0x1 ./Core/Src/main.o
                0x0000000020000170                alarm_triggered
 .bss.uart_hour_flag
                0x0000000020000171        0x1 ./Core/Src/main.o
                0x0000000020000171                uart_hour_flag
 .bss.uart_hour
                0x0000000020000172        0x1 ./Core/Src/main.o
                0x0000000020000172                uart_hour
 .bss.count_request_uart
                0x0000000020000173        0x1 ./Core/Src/main.o
                0x0000000020000173                count_request_uart
 .bss.lastBlinkTime.1
                0x0000000020000174        0x4 ./Core/Src/main.o
 .bss.flag_timer2
                0x0000000020000178        0x2 ./Core/Src/software_timer.o
                0x0000000020000178                flag_timer2
 .bss.timer2_counter
                0x000000002000017a        0x2 ./Core/Src/software_timer.o
                0x000000002000017a                timer2_counter
 .bss.timer2_MUL
                0x000000002000017c        0x2 ./Core/Src/software_timer.o
                0x000000002000017c                timer2_MUL
 .bss.flag_timer3
                0x000000002000017e        0x2 ./Core/Src/software_timer.o
                0x000000002000017e                flag_timer3
 .bss.timer3_counter
                0x0000000020000180        0x2 ./Core/Src/software_timer.o
                0x0000000020000180                timer3_counter
 .bss.timer3_MUL
                0x0000000020000182        0x2 ./Core/Src/software_timer.o
                0x0000000020000182                timer3_MUL
 .bss.hspi1     0x0000000020000184       0x58 ./Core/Src/spi.o
                0x0000000020000184                hspi1
 .bss.__sbrk_heap_end
                0x00000000200001dc        0x4 ./Core/Src/sysmem.o
 .bss.htim2     0x00000000200001e0       0x48 ./Core/Src/tim.o
                0x00000000200001e0                htim2
 .bss.msg       0x0000000020000228       0x64 ./Core/Src/uart.o
                0x0000000020000228                msg
 .bss.buffer    0x000000002000028c       0x1e ./Core/Src/uart.o
                0x000000002000028c                buffer
 .bss.index_buffer
                0x00000000200002aa        0x1 ./Core/Src/uart.o
                0x00000000200002aa                index_buffer
 .bss.curr_index
                0x00000000200002ab        0x1 ./Core/Src/uart.o
                0x00000000200002ab                curr_index
 .bss.buffer_flag
                0x00000000200002ac        0x1 ./Core/Src/uart.o
                0x00000000200002ac                buffer_flag
 .bss.receive_msg
                0x00000000200002ad        0x1 ./Core/Src/uart.o
                0x00000000200002ad                receive_msg
 .bss.count_char
                0x00000000200002ae        0x1 ./Core/Src/uart.o
                0x00000000200002ae                count_char
 *fill*         0x00000000200002af        0x1 
 .bss.huart1    0x00000000200002b0       0x44 ./Core/Src/usart.o
                0x00000000200002b0                huart1
 .bss.uwTick    0x00000000200002f4        0x4 ./Drivers/STM32F4xx_HAL_Driver/Src/stm32f4xx_hal.o
                0x00000000200002f4                uwTick
 .bss.__sf      0x00000000200002f8      0x138 C:/ST/STM32CubeIDE_1.14.0/STM32CubeIDE/plugins/com.st.stm32cube.ide.mcu.externaltools.gnu-tools-for-stm32.11.3.rel1.win32_1.1.100.202309141235/tools/bin/../lib/gcc/arm-none-eabi/11.3.1/../../../../arm-none-eabi/lib/thumb/v7e-m+fp/hard\libc_nano.a(libc_a-findfp.o)
                0x00000000200002f8                __sf
 .bss.errno     0x0000000020000430        0x4 C:/ST/STM32CubeIDE_1.14.0/STM32CubeIDE/plugins/com.st.stm32cube.ide.mcu.externaltools.gnu-tools-for-stm32.11.3.rel1.win32_1.1.100.202309141235/tools/bin/../lib/gcc/arm-none-eabi/11.3.1/../../../../arm-none-eabi/lib/thumb/v7e-m+fp/hard\libc_nano.a(libc_a-reent.o)
                0x0000000020000430                errno
 .bss.__lock___malloc_recursive_mutex
                0x0000000020000434        0x1 C:/ST/STM32CubeIDE_1.14.0/STM32CubeIDE/plugins/com.st.stm32cube.ide.mcu.externaltools.gnu-tools-for-stm32.11.3.rel1.win32_1.1.100.202309141235/tools/bin/../lib/gcc/arm-none-eabi/11.3.1/../../../../arm-none-eabi/lib/thumb/v7e-m+fp/hard\libc_nano.a(libc_a-lock.o)
                0x0000000020000434                __lock___malloc_recursive_mutex
 *fill*         0x0000000020000435        0x3 
 .bss.__malloc_free_list
                0x0000000020000438        0x4 C:/ST/STM32CubeIDE_1.14.0/STM32CubeIDE/plugins/com.st.stm32cube.ide.mcu.externaltools.gnu-tools-for-stm32.11.3.rel1.win32_1.1.100.202309141235/tools/bin/../lib/gcc/arm-none-eabi/11.3.1/../../../../arm-none-eabi/lib/thumb/v7e-m+fp/hard\libc_nano.a(libc_a-mallocr.o)
                0x0000000020000438                __malloc_free_list
 .bss.__malloc_sbrk_start
                0x000000002000043c        0x4 C:/ST/STM32CubeIDE_1.14.0/STM32CubeIDE/plugins/com.st.stm32cube.ide.mcu.externaltools.gnu-tools-for-stm32.11.3.rel1.win32_1.1.100.202309141235/tools/bin/../lib/gcc/arm-none-eabi/11.3.1/../../../../arm-none-eabi/lib/thumb/v7e-m+fp/hard\libc_nano.a(libc_a-mallocr.o)
                0x000000002000043c                __malloc_sbrk_start
 *(COMMON)
                0x0000000020000440                . = ALIGN (0x4)
                0x0000000020000440                _ebss = .
                0x0000000020000440                __bss_end__ = _ebss

._user_heap_stack
                0x0000000020000440      0x600
                0x0000000020000440                . = ALIGN (0x8)
                [!provide]                        PROVIDE (end = .)
                0x0000000020000440                PROVIDE (_end = .)
                0x0000000020000640                . = (. + _Min_Heap_Size)
 *fill*         0x0000000020000440      0x200 
                0x0000000020000a40                . = (. + _Min_Stack_Size)
 *fill*         0x0000000020000640      0x400 
                0x0000000020000a40                . = ALIGN (0x8)

/DISCARD/
 libc.a(*)
 libm.a(*)
 libgcc.a(*)

.ARM.attributes
                0x0000000000000000       0x30
 *(.ARM.attributes)
 .ARM.attributes
                0x0000000000000000       0x1e C:/ST/STM32CubeIDE_1.14.0/STM32CubeIDE/plugins/com.st.stm32cube.ide.mcu.externaltools.gnu-tools-for-stm32.11.3.rel1.win32_1.1.100.202309141235/tools/bin/../lib/gcc/arm-none-eabi/11.3.1/thumb/v7e-m+fp/hard/crti.o
 .ARM.attributes
                0x000000000000001e       0x34 C:/ST/STM32CubeIDE_1.14.0/STM32CubeIDE/plugins/com.st.stm32cube.ide.mcu.externaltools.gnu-tools-for-stm32.11.3.rel1.win32_1.1.100.202309141235/tools/bin/../lib/gcc/arm-none-eabi/11.3.1/thumb/v7e-m+fp/hard/crtbegin.o
 .ARM.attributes
                0x0000000000000052       0x34 ./Core/Src/button.o
 .ARM.attributes
                0x0000000000000086       0x34 ./Core/Src/ds3231.o
 .ARM.attributes
                0x00000000000000ba       0x34 ./Core/Src/fsmc.o
 .ARM.attributes
                0x00000000000000ee       0x34 ./Core/Src/gpio.o
 .ARM.attributes
                0x0000000000000122       0x34 ./Core/Src/i2c.o
 .ARM.attributes
                0x0000000000000156       0x34 ./Core/Src/lcd.o
 .ARM.attributes
                0x000000000000018a       0x34 ./Core/Src/led_7seg.o
 .ARM.attributes
                0x00000000000001be       0x34 ./Core/Src/main.o
 .ARM.attributes
                0x00000000000001f2       0x34 ./Core/Src/software_timer.o
 .ARM.attributes
                0x0000000000000226       0x34 ./Core/Src/spi.o
 .ARM.attributes
                0x000000000000025a       0x34 ./Core/Src/stm32f4xx_hal_msp.o
 .ARM.attributes
                0x000000000000028e       0x34 ./Core/Src/stm32f4xx_it.o
 .ARM.attributes
                0x00000000000002c2       0x34 ./Core/Src/sysmem.o
 .ARM.attributes
                0x00000000000002f6       0x34 ./Core/Src/system_stm32f4xx.o
 .ARM.attributes
                0x000000000000032a       0x34 ./Core/Src/tim.o
 .ARM.attributes
                0x000000000000035e       0x34 ./Core/Src/uart.o
 .ARM.attributes
                0x0000000000000392       0x34 ./Core/Src/usart.o
 .ARM.attributes
                0x00000000000003c6       0x34 ./Core/Src/utils.o
 .ARM.attributes
                0x00000000000003fa       0x21 ./Core/Startup/startup_stm32f407zetx.o
 .ARM.attributes
                0x000000000000041b       0x34 ./Drivers/STM32F4xx_HAL_Driver/Src/stm32f4xx_hal.o
 .ARM.attributes
                0x000000000000044f       0x34 ./Drivers/STM32F4xx_HAL_Driver/Src/stm32f4xx_hal_cortex.o
 .ARM.attributes
                0x0000000000000483       0x34 ./Drivers/STM32F4xx_HAL_Driver/Src/stm32f4xx_hal_dma.o
 .ARM.attributes
                0x00000000000004b7       0x34 ./Drivers/STM32F4xx_HAL_Driver/Src/stm32f4xx_hal_gpio.o
 .ARM.attributes
                0x00000000000004eb       0x34 ./Drivers/STM32F4xx_HAL_Driver/Src/stm32f4xx_hal_i2c.o
 .ARM.attributes
                0x000000000000051f       0x34 ./Drivers/STM32F4xx_HAL_Driver/Src/stm32f4xx_hal_rcc.o
 .ARM.attributes
                0x0000000000000553       0x34 ./Drivers/STM32F4xx_HAL_Driver/Src/stm32f4xx_hal_spi.o
 .ARM.attributes
                0x0000000000000587       0x34 ./Drivers/STM32F4xx_HAL_Driver/Src/stm32f4xx_hal_sram.o
 .ARM.attributes
                0x00000000000005bb       0x34 ./Drivers/STM32F4xx_HAL_Driver/Src/stm32f4xx_hal_tim.o
 .ARM.attributes
                0x00000000000005ef       0x34 ./Drivers/STM32F4xx_HAL_Driver/Src/stm32f4xx_hal_tim_ex.o
 .ARM.attributes
                0x0000000000000623       0x34 ./Drivers/STM32F4xx_HAL_Driver/Src/stm32f4xx_hal_uart.o
 .ARM.attributes
                0x0000000000000657       0x34 ./Drivers/STM32F4xx_HAL_Driver/Src/stm32f4xx_ll_fsmc.o
 .ARM.attributes
                0x000000000000068b       0x34 C:/ST/STM32CubeIDE_1.14.0/STM32CubeIDE/plugins/com.st.stm32cube.ide.mcu.externaltools.gnu-tools-for-stm32.11.3.rel1.win32_1.1.100.202309141235/tools/bin/../lib/gcc/arm-none-eabi/11.3.1/../../../../arm-none-eabi/lib/thumb/v7e-m+fp/hard\libc_nano.a(libc_a-findfp.o)
 .ARM.attributes
                0x00000000000006bf       0x34 C:/ST/STM32CubeIDE_1.14.0/STM32CubeIDE/plugins/com.st.stm32cube.ide.mcu.externaltools.gnu-tools-for-stm32.11.3.rel1.win32_1.1.100.202309141235/tools/bin/../lib/gcc/arm-none-eabi/11.3.1/../../../../arm-none-eabi/lib/thumb/v7e-m+fp/hard\libc_nano.a(libc_a-sprintf.o)
 .ARM.attributes
                0x00000000000006f3       0x34 C:/ST/STM32CubeIDE_1.14.0/STM32CubeIDE/plugins/com.st.stm32cube.ide.mcu.externaltools.gnu-tools-for-stm32.11.3.rel1.win32_1.1.100.202309141235/tools/bin/../lib/gcc/arm-none-eabi/11.3.1/../../../../arm-none-eabi/lib/thumb/v7e-m+fp/hard\libc_nano.a(libc_a-memset.o)
 .ARM.attributes
                0x0000000000000727       0x34 C:/ST/STM32CubeIDE_1.14.0/STM32CubeIDE/plugins/com.st.stm32cube.ide.mcu.externaltools.gnu-tools-for-stm32.11.3.rel1.win32_1.1.100.202309141235/tools/bin/../lib/gcc/arm-none-eabi/11.3.1/../../../../arm-none-eabi/lib/thumb/v7e-m+fp/hard\libc_nano.a(libc_a-reent.o)
 .ARM.attributes
                0x000000000000075b       0x34 C:/ST/STM32CubeIDE_1.14.0/STM32CubeIDE/plugins/com.st.stm32cube.ide.mcu.externaltools.gnu-tools-for-stm32.11.3.rel1.win32_1.1.100.202309141235/tools/bin/../lib/gcc/arm-none-eabi/11.3.1/../../../../arm-none-eabi/lib/thumb/v7e-m+fp/hard\libc_nano.a(libc_a-impure.o)
 .ARM.attributes
                0x000000000000078f       0x34 C:/ST/STM32CubeIDE_1.14.0/STM32CubeIDE/plugins/com.st.stm32cube.ide.mcu.externaltools.gnu-tools-for-stm32.11.3.rel1.win32_1.1.100.202309141235/tools/bin/../lib/gcc/arm-none-eabi/11.3.1/../../../../arm-none-eabi/lib/thumb/v7e-m+fp/hard\libc_nano.a(libc_a-errno.o)
 .ARM.attributes
                0x00000000000007c3       0x34 C:/ST/STM32CubeIDE_1.14.0/STM32CubeIDE/plugins/com.st.stm32cube.ide.mcu.externaltools.gnu-tools-for-stm32.11.3.rel1.win32_1.1.100.202309141235/tools/bin/../lib/gcc/arm-none-eabi/11.3.1/../../../../arm-none-eabi/lib/thumb/v7e-m+fp/hard\libc_nano.a(libc_a-init.o)
 .ARM.attributes
                0x00000000000007f7       0x34 C:/ST/STM32CubeIDE_1.14.0/STM32CubeIDE/plugins/com.st.stm32cube.ide.mcu.externaltools.gnu-tools-for-stm32.11.3.rel1.win32_1.1.100.202309141235/tools/bin/../lib/gcc/arm-none-eabi/11.3.1/../../../../arm-none-eabi/lib/thumb/v7e-m+fp/hard\libc_nano.a(libc_a-lock.o)
 .ARM.attributes
                0x000000000000082b       0x34 C:/ST/STM32CubeIDE_1.14.0/STM32CubeIDE/plugins/com.st.stm32cube.ide.mcu.externaltools.gnu-tools-for-stm32.11.3.rel1.win32_1.1.100.202309141235/tools/bin/../lib/gcc/arm-none-eabi/11.3.1/../../../../arm-none-eabi/lib/thumb/v7e-m+fp/hard\libc_nano.a(libc_a-freer.o)
 .ARM.attributes
                0x000000000000085f       0x34 C:/ST/STM32CubeIDE_1.14.0/STM32CubeIDE/plugins/com.st.stm32cube.ide.mcu.externaltools.gnu-tools-for-stm32.11.3.rel1.win32_1.1.100.202309141235/tools/bin/../lib/gcc/arm-none-eabi/11.3.1/../../../../arm-none-eabi/lib/thumb/v7e-m+fp/hard\libc_nano.a(libc_a-mallocr.o)
 .ARM.attributes
                0x0000000000000893       0x34 C:/ST/STM32CubeIDE_1.14.0/STM32CubeIDE/plugins/com.st.stm32cube.ide.mcu.externaltools.gnu-tools-for-stm32.11.3.rel1.win32_1.1.100.202309141235/tools/bin/../lib/gcc/arm-none-eabi/11.3.1/../../../../arm-none-eabi/lib/thumb/v7e-m+fp/hard\libc_nano.a(libc_a-mlock.o)
 .ARM.attributes
                0x00000000000008c7       0x34 C:/ST/STM32CubeIDE_1.14.0/STM32CubeIDE/plugins/com.st.stm32cube.ide.mcu.externaltools.gnu-tools-for-stm32.11.3.rel1.win32_1.1.100.202309141235/tools/bin/../lib/gcc/arm-none-eabi/11.3.1/../../../../arm-none-eabi/lib/thumb/v7e-m+fp/hard\libc_nano.a(libc_a-nano-svfprintf.o)
 .ARM.attributes
                0x00000000000008fb       0x34 C:/ST/STM32CubeIDE_1.14.0/STM32CubeIDE/plugins/com.st.stm32cube.ide.mcu.externaltools.gnu-tools-for-stm32.11.3.rel1.win32_1.1.100.202309141235/tools/bin/../lib/gcc/arm-none-eabi/11.3.1/../../../../arm-none-eabi/lib/thumb/v7e-m+fp/hard\libc_nano.a(libc_a-nano-vfprintf_i.o)
 .ARM.attributes
                0x000000000000092f       0x34 C:/ST/STM32CubeIDE_1.14.0/STM32CubeIDE/plugins/com.st.stm32cube.ide.mcu.externaltools.gnu-tools-for-stm32.11.3.rel1.win32_1.1.100.202309141235/tools/bin/../lib/gcc/arm-none-eabi/11.3.1/../../../../arm-none-eabi/lib/thumb/v7e-m+fp/hard\libc_nano.a(libc_a-memmove.o)
 .ARM.attributes
                0x0000000000000963       0x34 C:/ST/STM32CubeIDE_1.14.0/STM32CubeIDE/plugins/com.st.stm32cube.ide.mcu.externaltools.gnu-tools-for-stm32.11.3.rel1.win32_1.1.100.202309141235/tools/bin/../lib/gcc/arm-none-eabi/11.3.1/../../../../arm-none-eabi/lib/thumb/v7e-m+fp/hard\libc_nano.a(libc_a-sbrkr.o)
 .ARM.attributes
                0x0000000000000997       0x1c C:/ST/STM32CubeIDE_1.14.0/STM32CubeIDE/plugins/com.st.stm32cube.ide.mcu.externaltools.gnu-tools-for-stm32.11.3.rel1.win32_1.1.100.202309141235/tools/bin/../lib/gcc/arm-none-eabi/11.3.1/../../../../arm-none-eabi/lib/thumb/v7e-m+fp/hard\libc_nano.a(libc_a-memchr.o)
 .ARM.attributes
                0x00000000000009b3       0x34 C:/ST/STM32CubeIDE_1.14.0/STM32CubeIDE/plugins/com.st.stm32cube.ide.mcu.externaltools.gnu-tools-for-stm32.11.3.rel1.win32_1.1.100.202309141235/tools/bin/../lib/gcc/arm-none-eabi/11.3.1/../../../../arm-none-eabi/lib/thumb/v7e-m+fp/hard\libc_nano.a(libc_a-memcpy-stub.o)
 .ARM.attributes
                0x00000000000009e7       0x34 C:/ST/STM32CubeIDE_1.14.0/STM32CubeIDE/plugins/com.st.stm32cube.ide.mcu.externaltools.gnu-tools-for-stm32.11.3.rel1.win32_1.1.100.202309141235/tools/bin/../lib/gcc/arm-none-eabi/11.3.1/../../../../arm-none-eabi/lib/thumb/v7e-m+fp/hard\libc_nano.a(libc_a-reallocr.o)
 .ARM.attributes
                0x0000000000000a1b       0x34 C:/ST/STM32CubeIDE_1.14.0/STM32CubeIDE/plugins/com.st.stm32cube.ide.mcu.externaltools.gnu-tools-for-stm32.11.3.rel1.win32_1.1.100.202309141235/tools/bin/../lib/gcc/arm-none-eabi/11.3.1/../../../../arm-none-eabi/lib/thumb/v7e-m+fp/hard\libc_nano.a(libc_a-msizer.o)
 .ARM.attributes
                0x0000000000000a4f       0x1e C:/ST/STM32CubeIDE_1.14.0/STM32CubeIDE/plugins/com.st.stm32cube.ide.mcu.externaltools.gnu-tools-for-stm32.11.3.rel1.win32_1.1.100.202309141235/tools/bin/../lib/gcc/arm-none-eabi/11.3.1/thumb/v7e-m+fp/hard\libgcc.a(_aeabi_uldivmod.o)
 .ARM.attributes
                0x0000000000000a6d       0x34 C:/ST/STM32CubeIDE_1.14.0/STM32CubeIDE/plugins/com.st.stm32cube.ide.mcu.externaltools.gnu-tools-for-stm32.11.3.rel1.win32_1.1.100.202309141235/tools/bin/../lib/gcc/arm-none-eabi/11.3.1/thumb/v7e-m+fp/hard\libgcc.a(_udivmoddi4.o)
 .ARM.attributes
                0x0000000000000aa1       0x1e C:/ST/STM32CubeIDE_1.14.0/STM32CubeIDE/plugins/com.st.stm32cube.ide.mcu.externaltools.gnu-tools-for-stm32.11.3.rel1.win32_1.1.100.202309141235/tools/bin/../lib/gcc/arm-none-eabi/11.3.1/thumb/v7e-m+fp/hard\libgcc.a(_dvmd_tls.o)
 .ARM.attributes
                0x0000000000000abf       0x1e C:/ST/STM32CubeIDE_1.14.0/STM32CubeIDE/plugins/com.st.stm32cube.ide.mcu.externaltools.gnu-tools-for-stm32.11.3.rel1.win32_1.1.100.202309141235/tools/bin/../lib/gcc/arm-none-eabi/11.3.1/thumb/v7e-m+fp/hard/crtn.o
OUTPUT(Bai5_UART.elf elf32-littlearm)
LOAD linker stubs
LOAD C:/ST/STM32CubeIDE_1.14.0/STM32CubeIDE/plugins/com.st.stm32cube.ide.mcu.externaltools.gnu-tools-for-stm32.11.3.rel1.win32_1.1.100.202309141235/tools/bin/../lib/gcc/arm-none-eabi/11.3.1/../../../../arm-none-eabi/lib/thumb/v7e-m+fp/hard\libc.a
LOAD C:/ST/STM32CubeIDE_1.14.0/STM32CubeIDE/plugins/com.st.stm32cube.ide.mcu.externaltools.gnu-tools-for-stm32.11.3.rel1.win32_1.1.100.202309141235/tools/bin/../lib/gcc/arm-none-eabi/11.3.1/../../../../arm-none-eabi/lib/thumb/v7e-m+fp/hard\libm.a
LOAD C:/ST/STM32CubeIDE_1.14.0/STM32CubeIDE/plugins/com.st.stm32cube.ide.mcu.externaltools.gnu-tools-for-stm32.11.3.rel1.win32_1.1.100.202309141235/tools/bin/../lib/gcc/arm-none-eabi/11.3.1/thumb/v7e-m+fp/hard\libgcc.a

.comment        0x0000000000000000       0x43
 .comment       0x0000000000000000       0x43 C:/ST/STM32CubeIDE_1.14.0/STM32CubeIDE/plugins/com.st.stm32cube.ide.mcu.externaltools.gnu-tools-for-stm32.11.3.rel1.win32_1.1.100.202309141235/tools/bin/../lib/gcc/arm-none-eabi/11.3.1/thumb/v7e-m+fp/hard/crtbegin.o
                                         0x44 (size before relaxing)
 .comment       0x0000000000000043       0x44 ./Core/Src/button.o
 .comment       0x0000000000000043       0x44 ./Core/Src/ds3231.o
 .comment       0x0000000000000043       0x44 ./Core/Src/fsmc.o
 .comment       0x0000000000000043       0x44 ./Core/Src/gpio.o
 .comment       0x0000000000000043       0x44 ./Core/Src/i2c.o
 .comment       0x0000000000000043       0x44 ./Core/Src/lcd.o
 .comment       0x0000000000000043       0x44 ./Core/Src/led_7seg.o
 .comment       0x0000000000000043       0x44 ./Core/Src/main.o
 .comment       0x0000000000000043       0x44 ./Core/Src/software_timer.o
 .comment       0x0000000000000043       0x44 ./Core/Src/spi.o
 .comment       0x0000000000000043       0x44 ./Core/Src/stm32f4xx_hal_msp.o
 .comment       0x0000000000000043       0x44 ./Core/Src/stm32f4xx_it.o
 .comment       0x0000000000000043       0x44 ./Core/Src/sysmem.o
 .comment       0x0000000000000043       0x44 ./Core/Src/system_stm32f4xx.o
 .comment       0x0000000000000043       0x44 ./Core/Src/tim.o
 .comment       0x0000000000000043       0x44 ./Core/Src/uart.o
 .comment       0x0000000000000043       0x44 ./Core/Src/usart.o
 .comment       0x0000000000000043       0x44 ./Core/Src/utils.o
 .comment       0x0000000000000043       0x44 ./Drivers/STM32F4xx_HAL_Driver/Src/stm32f4xx_hal.o
 .comment       0x0000000000000043       0x44 ./Drivers/STM32F4xx_HAL_Driver/Src/stm32f4xx_hal_cortex.o
 .comment       0x0000000000000043       0x44 ./Drivers/STM32F4xx_HAL_Driver/Src/stm32f4xx_hal_dma.o
 .comment       0x0000000000000043       0x44 ./Drivers/STM32F4xx_HAL_Driver/Src/stm32f4xx_hal_gpio.o
 .comment       0x0000000000000043       0x44 ./Drivers/STM32F4xx_HAL_Driver/Src/stm32f4xx_hal_i2c.o
 .comment       0x0000000000000043       0x44 ./Drivers/STM32F4xx_HAL_Driver/Src/stm32f4xx_hal_rcc.o
 .comment       0x0000000000000043       0x44 ./Drivers/STM32F4xx_HAL_Driver/Src/stm32f4xx_hal_spi.o
 .comment       0x0000000000000043       0x44 ./Drivers/STM32F4xx_HAL_Driver/Src/stm32f4xx_hal_sram.o
 .comment       0x0000000000000043       0x44 ./Drivers/STM32F4xx_HAL_Driver/Src/stm32f4xx_hal_tim.o
 .comment       0x0000000000000043       0x44 ./Drivers/STM32F4xx_HAL_Driver/Src/stm32f4xx_hal_tim_ex.o
 .comment       0x0000000000000043       0x44 ./Drivers/STM32F4xx_HAL_Driver/Src/stm32f4xx_hal_uart.o
 .comment       0x0000000000000043       0x44 ./Drivers/STM32F4xx_HAL_Driver/Src/stm32f4xx_ll_fsmc.o

.debug_info     0x0000000000000000    0x176c2
 .debug_info    0x0000000000000000      0x76e ./Core/Src/button.o
 .debug_info    0x000000000000076e      0x7d5 ./Core/Src/ds3231.o
 .debug_info    0x0000000000000f43      0x99a ./Core/Src/fsmc.o
 .debug_info    0x00000000000018dd      0x45d ./Core/Src/gpio.o
 .debug_info    0x0000000000001d3a      0x968 ./Core/Src/i2c.o
 .debug_info    0x00000000000026a2      0xe15 ./Core/Src/lcd.o
 .debug_info    0x00000000000034b7      0x803 ./Core/Src/led_7seg.o
 .debug_info    0x0000000000003cba      0xb73 ./Core/Src/main.o
 .debug_info    0x000000000000482d      0x79c ./Core/Src/software_timer.o
 .debug_info    0x0000000000004fc9      0x943 ./Core/Src/spi.o
 .debug_info    0x000000000000590c      0x269 ./Core/Src/stm32f4xx_hal_msp.o
 .debug_info    0x0000000000005b75      0x963 ./Core/Src/stm32f4xx_it.o
 .debug_info    0x00000000000064d8      0x168 ./Core/Src/sysmem.o
 .debug_info    0x0000000000006640      0x512 ./Core/Src/system_stm32f4xx.o
 .debug_info    0x0000000000006b52      0xbf9 ./Core/Src/tim.o
 .debug_info    0x000000000000774b      0x7fa ./Core/Src/uart.o
 .debug_info    0x0000000000007f45      0xb65 ./Core/Src/usart.o
 .debug_info    0x0000000000008aaa       0xd5 ./Core/Src/utils.o
 .debug_info    0x0000000000008b7f       0x23 ./Core/Startup/startup_stm32f407zetx.o
 .debug_info    0x0000000000008ba2      0x948 ./Drivers/STM32F4xx_HAL_Driver/Src/stm32f4xx_hal.o
 .debug_info    0x00000000000094ea      0xd46 ./Drivers/STM32F4xx_HAL_Driver/Src/stm32f4xx_hal_cortex.o
 .debug_info    0x000000000000a230      0x8e7 ./Drivers/STM32F4xx_HAL_Driver/Src/stm32f4xx_hal_dma.o
 .debug_info    0x000000000000ab17      0x6c3 ./Drivers/STM32F4xx_HAL_Driver/Src/stm32f4xx_hal_gpio.o
 .debug_info    0x000000000000b1da     0x23e1 ./Drivers/STM32F4xx_HAL_Driver/Src/stm32f4xx_hal_i2c.o
 .debug_info    0x000000000000d5bb      0x8b1 ./Drivers/STM32F4xx_HAL_Driver/Src/stm32f4xx_hal_rcc.o
 .debug_info    0x000000000000de6c     0x15fb ./Drivers/STM32F4xx_HAL_Driver/Src/stm32f4xx_hal_spi.o
 .debug_info    0x000000000000f467      0xb3e ./Drivers/STM32F4xx_HAL_Driver/Src/stm32f4xx_hal_sram.o
 .debug_info    0x000000000000ffa5     0x2949 ./Drivers/STM32F4xx_HAL_Driver/Src/stm32f4xx_hal_tim.o
 .debug_info    0x00000000000128ee     0x14ae ./Drivers/STM32F4xx_HAL_Driver/Src/stm32f4xx_hal_tim_ex.o
 .debug_info    0x0000000000013d9c     0x2f9a ./Drivers/STM32F4xx_HAL_Driver/Src/stm32f4xx_hal_uart.o
 .debug_info    0x0000000000016d36      0x98c ./Drivers/STM32F4xx_HAL_Driver/Src/stm32f4xx_ll_fsmc.o

.debug_abbrev   0x0000000000000000     0x3d69
 .debug_abbrev  0x0000000000000000      0x1dd ./Core/Src/button.o
 .debug_abbrev  0x00000000000001dd      0x1cf ./Core/Src/ds3231.o
 .debug_abbrev  0x00000000000003ac      0x215 ./Core/Src/fsmc.o
 .debug_abbrev  0x00000000000005c1      0x152 ./Core/Src/gpio.o
 .debug_abbrev  0x0000000000000713      0x1f1 ./Core/Src/i2c.o
 .debug_abbrev  0x0000000000000904      0x32a ./Core/Src/lcd.o
 .debug_abbrev  0x0000000000000c2e      0x1cc ./Core/Src/led_7seg.o
 .debug_abbrev  0x0000000000000dfa      0x358 ./Core/Src/main.o
 .debug_abbrev  0x0000000000001152      0x208 ./Core/Src/software_timer.o
 .debug_abbrev  0x000000000000135a      0x1f3 ./Core/Src/spi.o
 .debug_abbrev  0x000000000000154d       0xd8 ./Core/Src/stm32f4xx_hal_msp.o
 .debug_abbrev  0x0000000000001625      0x195 ./Core/Src/stm32f4xx_it.o
 .debug_abbrev  0x00000000000017ba       0xbc ./Core/Src/sysmem.o
 .debug_abbrev  0x0000000000001876      0x11a ./Core/Src/system_stm32f4xx.o
 .debug_abbrev  0x0000000000001990      0x1f0 ./Core/Src/tim.o
 .debug_abbrev  0x0000000000001b80      0x243 ./Core/Src/uart.o
 .debug_abbrev  0x0000000000001dc3      0x211 ./Core/Src/usart.o
 .debug_abbrev  0x0000000000001fd4       0x86 ./Core/Src/utils.o
 .debug_abbrev  0x000000000000205a       0x12 ./Core/Startup/startup_stm32f407zetx.o
 .debug_abbrev  0x000000000000206c      0x213 ./Drivers/STM32F4xx_HAL_Driver/Src/stm32f4xx_hal.o
 .debug_abbrev  0x000000000000227f      0x327 ./Drivers/STM32F4xx_HAL_Driver/Src/stm32f4xx_hal_cortex.o
 .debug_abbrev  0x00000000000025a6      0x264 ./Drivers/STM32F4xx_HAL_Driver/Src/stm32f4xx_hal_dma.o
 .debug_abbrev  0x000000000000280a      0x1d4 ./Drivers/STM32F4xx_HAL_Driver/Src/stm32f4xx_hal_gpio.o
 .debug_abbrev  0x00000000000029de      0x2ad ./Drivers/STM32F4xx_HAL_Driver/Src/stm32f4xx_hal_i2c.o
 .debug_abbrev  0x0000000000002c8b      0x2b6 ./Drivers/STM32F4xx_HAL_Driver/Src/stm32f4xx_hal_rcc.o
 .debug_abbrev  0x0000000000002f41      0x284 ./Drivers/STM32F4xx_HAL_Driver/Src/stm32f4xx_hal_spi.o
 .debug_abbrev  0x00000000000031c5      0x208 ./Drivers/STM32F4xx_HAL_Driver/Src/stm32f4xx_hal_sram.o
 .debug_abbrev  0x00000000000033cd      0x271 ./Drivers/STM32F4xx_HAL_Driver/Src/stm32f4xx_hal_tim.o
 .debug_abbrev  0x000000000000363e      0x27c ./Drivers/STM32F4xx_HAL_Driver/Src/stm32f4xx_hal_tim_ex.o
 .debug_abbrev  0x00000000000038ba      0x307 ./Drivers/STM32F4xx_HAL_Driver/Src/stm32f4xx_hal_uart.o
 .debug_abbrev  0x0000000000003bc1      0x1a8 ./Drivers/STM32F4xx_HAL_Driver/Src/stm32f4xx_ll_fsmc.o

.debug_aranges  0x0000000000000000     0x1590
 .debug_aranges
                0x0000000000000000       0x28 ./Core/Src/button.o
 .debug_aranges
                0x0000000000000028       0x30 ./Core/Src/ds3231.o
 .debug_aranges
                0x0000000000000058       0x40 ./Core/Src/fsmc.o
 .debug_aranges
                0x0000000000000098       0x20 ./Core/Src/gpio.o
 .debug_aranges
                0x00000000000000b8       0x30 ./Core/Src/i2c.o
 .debug_aranges
                0x00000000000000e8       0xe8 ./Core/Src/lcd.o
 .debug_aranges
                0x00000000000001d0       0x48 ./Core/Src/led_7seg.o
 .debug_aranges
                0x0000000000000218       0xd8 ./Core/Src/main.o
 .debug_aranges
                0x00000000000002f0       0x38 ./Core/Src/software_timer.o
 .debug_aranges
                0x0000000000000328       0x30 ./Core/Src/spi.o
 .debug_aranges
                0x0000000000000358       0x20 ./Core/Src/stm32f4xx_hal_msp.o
 .debug_aranges
                0x0000000000000378       0x70 ./Core/Src/stm32f4xx_it.o
 .debug_aranges
                0x00000000000003e8       0x20 ./Core/Src/sysmem.o
 .debug_aranges
                0x0000000000000408       0x28 ./Core/Src/system_stm32f4xx.o
 .debug_aranges
                0x0000000000000430       0x30 ./Core/Src/tim.o
 .debug_aranges
                0x0000000000000460       0x48 ./Core/Src/uart.o
 .debug_aranges
                0x00000000000004a8       0x30 ./Core/Src/usart.o
 .debug_aranges
                0x00000000000004d8       0x28 ./Core/Src/utils.o
 .debug_aranges
                0x0000000000000500       0x28 ./Core/Startup/startup_stm32f407zetx.o
 .debug_aranges
                0x0000000000000528       0xf0 ./Drivers/STM32F4xx_HAL_Driver/Src/stm32f4xx_hal.o
 .debug_aranges
                0x0000000000000618      0x118 ./Drivers/STM32F4xx_HAL_Driver/Src/stm32f4xx_hal_cortex.o
 .debug_aranges
                0x0000000000000730       0x90 ./Drivers/STM32F4xx_HAL_Driver/Src/stm32f4xx_hal_dma.o
 .debug_aranges
                0x00000000000007c0       0x58 ./Drivers/STM32F4xx_HAL_Driver/Src/stm32f4xx_hal_gpio.o
 .debug_aranges
                0x0000000000000818      0x2a0 ./Drivers/STM32F4xx_HAL_Driver/Src/stm32f4xx_hal_i2c.o
 .debug_aranges
                0x0000000000000ab8       0x88 ./Drivers/STM32F4xx_HAL_Driver/Src/stm32f4xx_hal_rcc.o
 .debug_aranges
                0x0000000000000b40      0x1d0 ./Drivers/STM32F4xx_HAL_Driver/Src/stm32f4xx_hal_spi.o
 .debug_aranges
                0x0000000000000d10       0xa0 ./Drivers/STM32F4xx_HAL_Driver/Src/stm32f4xx_hal_sram.o
 .debug_aranges
                0x0000000000000db0      0x3d0 ./Drivers/STM32F4xx_HAL_Driver/Src/stm32f4xx_hal_tim.o
 .debug_aranges
                0x0000000000001180      0x168 ./Drivers/STM32F4xx_HAL_Driver/Src/stm32f4xx_hal_tim_ex.o
 .debug_aranges
                0x00000000000012e8      0x200 ./Drivers/STM32F4xx_HAL_Driver/Src/stm32f4xx_hal_uart.o
 .debug_aranges
                0x00000000000014e8       0xa8 ./Drivers/STM32F4xx_HAL_Driver/Src/stm32f4xx_ll_fsmc.o

.debug_rnglists
                0x0000000000000000     0x10ca
 .debug_rnglists
                0x0000000000000000       0x1a ./Core/Src/button.o
 .debug_rnglists
                0x000000000000001a       0x21 ./Core/Src/ds3231.o
 .debug_rnglists
                0x000000000000003b       0x2d ./Core/Src/fsmc.o
 .debug_rnglists
                0x0000000000000068       0x14 ./Core/Src/gpio.o
 .debug_rnglists
                0x000000000000007c       0x20 ./Core/Src/i2c.o
 .debug_rnglists
                0x000000000000009c       0xb5 ./Core/Src/lcd.o
 .debug_rnglists
                0x0000000000000151       0x32 ./Core/Src/led_7seg.o
 .debug_rnglists
                0x0000000000000183       0xa5 ./Core/Src/main.o
 .debug_rnglists
                0x0000000000000228       0x26 ./Core/Src/software_timer.o
 .debug_rnglists
                0x000000000000024e       0x20 ./Core/Src/spi.o
 .debug_rnglists
                0x000000000000026e       0x13 ./Core/Src/stm32f4xx_hal_msp.o
 .debug_rnglists
                0x0000000000000281       0x4f ./Core/Src/stm32f4xx_it.o
 .debug_rnglists
                0x00000000000002d0       0x13 ./Core/Src/sysmem.o
 .debug_rnglists
                0x00000000000002e3       0x1a ./Core/Src/system_stm32f4xx.o
 .debug_rnglists
                0x00000000000002fd       0x20 ./Core/Src/tim.o
 .debug_rnglists
                0x000000000000031d       0x32 ./Core/Src/uart.o
 .debug_rnglists
                0x000000000000034f       0x20 ./Core/Src/usart.o
 .debug_rnglists
                0x000000000000036f       0x19 ./Core/Src/utils.o
 .debug_rnglists
                0x0000000000000388       0x19 ./Core/Startup/startup_stm32f407zetx.o
 .debug_rnglists
                0x00000000000003a1       0xaf ./Drivers/STM32F4xx_HAL_Driver/Src/stm32f4xx_hal.o
 .debug_rnglists
                0x0000000000000450       0xce ./Drivers/STM32F4xx_HAL_Driver/Src/stm32f4xx_hal_cortex.o
 .debug_rnglists
                0x000000000000051e       0x70 ./Drivers/STM32F4xx_HAL_Driver/Src/stm32f4xx_hal_dma.o
 .debug_rnglists
                0x000000000000058e       0x3f ./Drivers/STM32F4xx_HAL_Driver/Src/stm32f4xx_hal_gpio.o
 .debug_rnglists
                0x00000000000005cd      0x23f ./Drivers/STM32F4xx_HAL_Driver/Src/stm32f4xx_hal_i2c.o
 .debug_rnglists
                0x000000000000080c       0x66 ./Drivers/STM32F4xx_HAL_Driver/Src/stm32f4xx_hal_rcc.o
 .debug_rnglists
                0x0000000000000872      0x16f ./Drivers/STM32F4xx_HAL_Driver/Src/stm32f4xx_hal_spi.o
 .debug_rnglists
                0x00000000000009e1       0x76 ./Drivers/STM32F4xx_HAL_Driver/Src/stm32f4xx_hal_sram.o
 .debug_rnglists
                0x0000000000000a57      0x31a ./Drivers/STM32F4xx_HAL_Driver/Src/stm32f4xx_hal_tim.o
 .debug_rnglists
                0x0000000000000d71      0x125 ./Drivers/STM32F4xx_HAL_Driver/Src/stm32f4xx_hal_tim_ex.o
 .debug_rnglists
                0x0000000000000e96      0x1b7 ./Drivers/STM32F4xx_HAL_Driver/Src/stm32f4xx_hal_uart.o
 .debug_rnglists
                0x000000000000104d       0x7d ./Drivers/STM32F4xx_HAL_Driver/Src/stm32f4xx_ll_fsmc.o

.debug_macro    0x0000000000000000    0x243e0
 .debug_macro   0x0000000000000000      0x23a ./Core/Src/button.o
 .debug_macro   0x000000000000023a      0xaa8 ./Core/Src/button.o
 .debug_macro   0x0000000000000ce2      0x2ad ./Core/Src/button.o
 .debug_macro   0x0000000000000f8f       0x2e ./Core/Src/button.o
 .debug_macro   0x0000000000000fbd       0x2f ./Core/Src/button.o
 .debug_macro   0x0000000000000fec       0x22 ./Core/Src/button.o
 .debug_macro   0x000000000000100e       0x8e ./Core/Src/button.o
 .debug_macro   0x000000000000109c       0x51 ./Core/Src/button.o
 .debug_macro   0x00000000000010ed      0x103 ./Core/Src/button.o
 .debug_macro   0x00000000000011f0       0x6a ./Core/Src/button.o
 .debug_macro   0x000000000000125a      0x1df ./Core/Src/button.o
 .debug_macro   0x0000000000001439       0x1c ./Core/Src/button.o
 .debug_macro   0x0000000000001455       0x22 ./Core/Src/button.o
 .debug_macro   0x0000000000001477       0xd9 ./Core/Src/button.o