../Core/Src/main.c:87:6:switchMode	24	static
../Core/Src/main.c:107:6:displayModeHeader	24	static
../Core/Src/main.c:113:9:isNextParameterButtonPressed	4	static
../Core/Src/main.c:118:9:isResetToSecondsButtonPressed	4	static
../Core/Src/main.c:123:9:isButtonUpPressed	4	static
../Core/Src/main.c:128:9:isButtonEnterPressed	4	static
../Core/Src/main.c:132:6:handleSettingMode	16	static
../Core/Src/main.c:171:6:incrementCurrentSetting	4	static
../Core/Src/main.c:180:6:savePendingValues	8	static
../Core/Src/main.c:194:6:displayOnlySelectedParameter	40	static
../Core/Src/main.c:205:9:isModeButtonPressed	4	static
../Core/Src/main.c:210:6:checkAlarmTrigger	4	static
../Core/Src/main.c:215:6:turnOffAlarm	16	static
../Core/Src/main.c:223:5:main	8	static
../Core/Src/main.c:284:6:SystemClock_Config	88	static
../Core/Src/main.c:325:6:system_init	8	static
../Core/Src/main.c:340:6:test_7seg	8	static
../Core/Src/main.c:346:6:test_button	16	static
../Core/Src/main.c:355:6:updateTime	8	static
../Core/Src/main.c:365:9:isButtonUp	4	static
../Core/Src/main.c:372:9:isButtonDown	4	static
../Core/Src/main.c:379:6:displayTime	24	static
../Core/Src/main.c:395:6:uart_handle	8	static
../Core/Src/main.c:476:6:Error_Handler	4	static,ignoring_inline_asm
